nohup: 忽略输入
Processing event log: prodrift_fr_5k
event_log:prodrift_fr_5k, discovery_algorithm:IND, prediction_algorithm:LSTM, dynamic_update:True, update_strategy:finetune, apply_constraint:True, use_consistency:True, use_only_conflict_data:True, confidence_threshold:0.5, consistency_alpha:0, win_min:300, adwin_threshold:0
torch_device: cuda:1
------------Initialization------------
------------Online ActivityPrediction------------
------------Updating Models------------
------------Updating Models------------
------------Updating Models------------
------------Updating Models------------
------------Updating Models------------
------------Updating Models------------
------------Saving Results------------
drift:  6 [5992, 6179, 8688, 8714, 9614, 9673]
average accuracy:  0.8167264757075016
average fscore:  0.7051719649760749
average consistency:  0.0
total time:  461.292414782
Experiment results saved to results/result_prodrift_fr_5k.csv
New best accuracy: 0.8167264757075016
event_log:prodrift_fr_5k, discovery_algorithm:IND, prediction_algorithm:LSTM, dynamic_update:True, update_strategy:finetune, apply_constraint:True, use_consistency:True, use_only_conflict_data:True, confidence_threshold:0.5, consistency_alpha:0, win_min:300, adwin_threshold:0.674
torch_device: cuda:1
------------Initialization------------
------------Online ActivityPrediction------------
------------Updating Models------------
------------Updating Models------------
------------Updating Models------------
------------Updating Models------------
------------Updating Models------------
------------Saving Results------------
drift:  5 [5993, 6803, 6848, 7388, 7396]
average accuracy:  0.8271912671637621
average fscore:  0.6973461465416038
average consistency:  0.0
total time:  451.535764216
Experiment results saved to results/result_prodrift_fr_5k.csv
New best accuracy: 0.8271912671637621
event_log:prodrift_fr_5k, discovery_algorithm:IND, prediction_algorithm:LSTM, dynamic_update:True, update_strategy:finetune, apply_constraint:True, use_consistency:True, use_only_conflict_data:True, confidence_threshold:0.5, consistency_alpha:0, win_min:300, adwin_threshold:1.282
torch_device: cuda:1
------------Initialization------------
------------Online ActivityPrediction------------
------------Saving Results------------
drift:  0 []
average accuracy:  0.8163396867009046
average fscore:  0.7052151993964738
average consistency:  0.0
total time:  480.621466921
Experiment results saved to results/result_prodrift_fr_5k.csv
event_log:prodrift_fr_5k, discovery_algorithm:IND, prediction_algorithm:LSTM, dynamic_update:True, update_strategy:finetune, apply_constraint:True, use_consistency:True, use_only_conflict_data:True, confidence_threshold:0.5, consistency_alpha:0, win_min:300, adwin_threshold:1.645
torch_device: cuda:1
------------Initialization------------
------------Online ActivityPrediction------------
------------Saving Results------------
drift:  0 []
average accuracy:  0.8163396867009046
average fscore:  0.7052151993964738
average consistency:  0.0
total time:  444.46486460899996
Experiment results saved to results/result_prodrift_fr_5k.csv
event_log:prodrift_fr_5k, discovery_algorithm:IND, prediction_algorithm:LSTM, dynamic_update:True, update_strategy:finetune, apply_constraint:True, use_consistency:True, use_only_conflict_data:True, confidence_threshold:0.5, consistency_alpha:0, win_min:300, adwin_threshold:2.326
torch_device: cuda:1
------------Initialization------------
------------Online ActivityPrediction------------
------------Saving Results------------
drift:  0 []
average accuracy:  0.8163396867009046
average fscore:  0.7052151993964738
average consistency:  0.0
total time:  440.5000378750001
Experiment results saved to results/result_prodrift_fr_5k.csv
event_log:prodrift_fr_5k, discovery_algorithm:IND, prediction_algorithm:LSTM, dynamic_update:True, update_strategy:finetune, apply_constraint:True, use_consistency:True, use_only_conflict_data:True, confidence_threshold:0.5, consistency_alpha:0, win_min:300, adwin_threshold:2.576
torch_device: cuda:1
------------Initialization------------
------------Online ActivityPrediction------------
------------Saving Results------------
drift:  0 []
average accuracy:  0.8163396867009046
average fscore:  0.7052151993964738
average consistency:  0.0
total time:  453.20506868600023
Experiment results saved to results/result_prodrift_fr_5k.csv
event_log:prodrift_fr_5k, discovery_algorithm:IND, prediction_algorithm:LSTM, dynamic_update:True, update_strategy:finetune, apply_constraint:True, use_consistency:True, use_only_conflict_data:True, confidence_threshold:0.5, consistency_alpha:0, win_min:300, adwin_threshold:3.09
torch_device: cuda:1
------------Initialization------------
------------Online ActivityPrediction------------
------------Saving Results------------
drift:  0 []
average accuracy:  0.8163396867009046
average fscore:  0.7052151993964738
average consistency:  0.0
total time:  533.4597641770001
Experiment results saved to results/result_prodrift_fr_5k.csv
event_log:prodrift_fr_5k, discovery_algorithm:IND, prediction_algorithm:LSTM, dynamic_update:True, update_strategy:finetune, apply_constraint:True, use_consistency:True, use_only_conflict_data:True, confidence_threshold:0.5, consistency_alpha:0.25, win_min:300, adwin_threshold:0
torch_device: cuda:1
------------Initialization------------
------------Online ActivityPrediction------------
------------Updating Models------------
------------Updating Models------------
------------Updating Models------------
------------Updating Models------------
------------Updating Models------------
------------Updating Models------------
------------Updating Models------------
------------Saving Results------------
drift:  7 [5992, 6179, 6844, 7091, 7253, 8640, 13378]
average accuracy:  0.8187033972967747
average fscore:  0.7410917990883077
average consistency:  0.0
total time:  549.017099095
Experiment results saved to results/result_prodrift_fr_5k.csv
event_log:prodrift_fr_5k, discovery_algorithm:IND, prediction_algorithm:LSTM, dynamic_update:True, update_strategy:finetune, apply_constraint:True, use_consistency:True, use_only_conflict_data:True, confidence_threshold:0.5, consistency_alpha:0.25, win_min:300, adwin_threshold:0.674
torch_device: cuda:1
------------Initialization------------
------------Online ActivityPrediction------------
------------Updating Models------------
------------Updating Models------------
------------Updating Models------------
------------Updating Models------------
------------Updating Models------------
------------Updating Models------------
------------Updating Models------------
------------Saving Results------------
drift:  7 [5993, 6806, 6847, 7020, 7137, 9375, 13032]
average accuracy:  0.8184025614027548
average fscore:  0.7310374682476598
average consistency:  0.0
total time:  576.9139819910006
Experiment results saved to results/result_prodrift_fr_5k.csv
event_log:prodrift_fr_5k, discovery_algorithm:IND, prediction_algorithm:LSTM, dynamic_update:True, update_strategy:finetune, apply_constraint:True, use_consistency:True, use_only_conflict_data:True, confidence_threshold:0.5, consistency_alpha:0.25, win_min:300, adwin_threshold:1.282
torch_device: cuda:1
------------Initialization------------
------------Online ActivityPrediction------------
------------Saving Results------------
drift:  0 []
average accuracy:  0.8163396867009046
average fscore:  0.7052151993964738
average consistency:  0.0
total time:  550.5151789319998
Experiment results saved to results/result_prodrift_fr_5k.csv
event_log:prodrift_fr_5k, discovery_algorithm:IND, prediction_algorithm:LSTM, dynamic_update:True, update_strategy:finetune, apply_constraint:True, use_consistency:True, use_only_conflict_data:True, confidence_threshold:0.5, consistency_alpha:0.25, win_min:300, adwin_threshold:1.645
torch_device: cuda:1
------------Initialization------------
------------Online ActivityPrediction------------
------------Saving Results------------
drift:  0 []
average accuracy:  0.8163396867009046
average fscore:  0.7052151993964738
average consistency:  0.0
total time:  556.4322935829996
Experiment results saved to results/result_prodrift_fr_5k.csv
event_log:prodrift_fr_5k, discovery_algorithm:IND, prediction_algorithm:LSTM, dynamic_update:True, update_strategy:finetune, apply_constraint:True, use_consistency:True, use_only_conflict_data:True, confidence_threshold:0.5, consistency_alpha:0.25, win_min:300, adwin_threshold:2.326
torch_device: cuda:1
------------Initialization------------
------------Online ActivityPrediction------------
------------Saving Results------------
drift:  0 []
average accuracy:  0.8163396867009046
average fscore:  0.7052151993964738
average consistency:  0.0
total time:  551.4671943610001
Experiment results saved to results/result_prodrift_fr_5k.csv
event_log:prodrift_fr_5k, discovery_algorithm:IND, prediction_algorithm:LSTM, dynamic_update:True, update_strategy:finetune, apply_constraint:True, use_consistency:True, use_only_conflict_data:True, confidence_threshold:0.5, consistency_alpha:0.25, win_min:300, adwin_threshold:2.576
torch_device: cuda:1
------------Initialization------------
------------Online ActivityPrediction------------
------------Saving Results------------
drift:  0 []
average accuracy:  0.8163396867009046
average fscore:  0.7052151993964738
average consistency:  0.0
total time:  538.933971212
Experiment results saved to results/result_prodrift_fr_5k.csv
event_log:prodrift_fr_5k, discovery_algorithm:IND, prediction_algorithm:LSTM, dynamic_update:True, update_strategy:finetune, apply_constraint:True, use_consistency:True, use_only_conflict_data:True, confidence_threshold:0.5, consistency_alpha:0.25, win_min:300, adwin_threshold:3.09
torch_device: cuda:1
------------Initialization------------
------------Online ActivityPrediction------------
------------Saving Results------------
drift:  0 []
average accuracy:  0.8163396867009046
average fscore:  0.7052151993964738
average consistency:  0.0
total time:  563.5132909640006
Experiment results saved to results/result_prodrift_fr_5k.csv
event_log:prodrift_fr_5k, discovery_algorithm:IND, prediction_algorithm:LSTM, dynamic_update:True, update_strategy:finetune, apply_constraint:True, use_consistency:True, use_only_conflict_data:True, confidence_threshold:0.5, consistency_alpha:0.5, win_min:300, adwin_threshold:0
torch_device: cuda:1
------------Initialization------------
------------Online ActivityPrediction------------
------------Updating Models------------
------------Updating Models------------
------------Updating Models------------
------------Updating Models------------
------------Updating Models------------
------------Updating Models------------
------------Updating Models------------
------------Saving Results------------
drift:  7 [5992, 6179, 6844, 7091, 7253, 8640, 13378]
average accuracy:  0.8187033972967747
average fscore:  0.7410917990883077
average consistency:  0.0
total time:  564.4100267140002
Experiment results saved to results/result_prodrift_fr_5k.csv
event_log:prodrift_fr_5k, discovery_algorithm:IND, prediction_algorithm:LSTM, dynamic_update:True, update_strategy:finetune, apply_constraint:True, use_consistency:True, use_only_conflict_data:True, confidence_threshold:0.5, consistency_alpha:0.5, win_min:300, adwin_threshold:0.674
torch_device: cuda:1
------------Initialization------------
------------Online ActivityPrediction------------
------------Updating Models------------
------------Updating Models------------
------------Updating Models------------
------------Saving Results------------
drift:  3 [6276, 8480, 14119]
average accuracy:  0.8145346713367858
average fscore:  0.7235568480144521
average consistency:  0.0
total time:  578.1619743960009
Experiment results saved to results/result_prodrift_fr_5k.csv
event_log:prodrift_fr_5k, discovery_algorithm:IND, prediction_algorithm:LSTM, dynamic_update:True, update_strategy:finetune, apply_constraint:True, use_consistency:True, use_only_conflict_data:True, confidence_threshold:0.5, consistency_alpha:0.5, win_min:300, adwin_threshold:1.282
torch_device: cuda:1
------------Initialization------------
------------Online ActivityPrediction------------
------------Saving Results------------
drift:  0 []
average accuracy:  0.8163396867009046
average fscore:  0.7052151993964738
average consistency:  0.0
total time:  557.2987132210001
Experiment results saved to results/result_prodrift_fr_5k.csv
event_log:prodrift_fr_5k, discovery_algorithm:IND, prediction_algorithm:LSTM, dynamic_update:True, update_strategy:finetune, apply_constraint:True, use_consistency:True, use_only_conflict_data:True, confidence_threshold:0.5, consistency_alpha:0.5, win_min:300, adwin_threshold:1.645
torch_device: cuda:1
------------Initialization------------
------------Online ActivityPrediction------------
------------Saving Results------------
drift:  0 []
average accuracy:  0.8163396867009046
average fscore:  0.7052151993964738
average consistency:  0.0
total time:  524.9891409109987
Experiment results saved to results/result_prodrift_fr_5k.csv
event_log:prodrift_fr_5k, discovery_algorithm:IND, prediction_algorithm:LSTM, dynamic_update:True, update_strategy:finetune, apply_constraint:True, use_consistency:True, use_only_conflict_data:True, confidence_threshold:0.5, consistency_alpha:0.5, win_min:300, adwin_threshold:2.326
torch_device: cuda:1
------------Initialization------------
------------Online ActivityPrediction------------
------------Saving Results------------
drift:  0 []
average accuracy:  0.8163396867009046
average fscore:  0.7052151993964738
average consistency:  0.0
total time:  565.65490804
Experiment results saved to results/result_prodrift_fr_5k.csv
event_log:prodrift_fr_5k, discovery_algorithm:IND, prediction_algorithm:LSTM, dynamic_update:True, update_strategy:finetune, apply_constraint:True, use_consistency:True, use_only_conflict_data:True, confidence_threshold:0.5, consistency_alpha:0.5, win_min:300, adwin_threshold:2.576
torch_device: cuda:1
------------Initialization------------
------------Online ActivityPrediction------------
------------Saving Results------------
drift:  0 []
average accuracy:  0.8163396867009046
average fscore:  0.7052151993964738
average consistency:  0.0
total time:  531.1052512299993
Experiment results saved to results/result_prodrift_fr_5k.csv
event_log:prodrift_fr_5k, discovery_algorithm:IND, prediction_algorithm:LSTM, dynamic_update:True, update_strategy:finetune, apply_constraint:True, use_consistency:True, use_only_conflict_data:True, confidence_threshold:0.5, consistency_alpha:0.5, win_min:300, adwin_threshold:3.09
torch_device: cuda:1
------------Initialization------------
------------Online ActivityPrediction------------
------------Saving Results------------
drift:  0 []
average accuracy:  0.8163396867009046
average fscore:  0.7052151993964738
average consistency:  0.0
total time:  562.2425688299991
Experiment results saved to results/result_prodrift_fr_5k.csv
event_log:prodrift_fr_5k, discovery_algorithm:IND, prediction_algorithm:LSTM, dynamic_update:True, update_strategy:finetune, apply_constraint:True, use_consistency:True, use_only_conflict_data:True, confidence_threshold:0.5, consistency_alpha:0.75, win_min:300, adwin_threshold:0
torch_device: cuda:1
------------Initialization------------
------------Online ActivityPrediction------------
------------Updating Models------------
------------Updating Models------------
------------Updating Models------------
------------Updating Models------------
------------Updating Models------------
------------Updating Models------------
------------Updating Models------------
------------Saving Results------------
drift:  7 [5992, 6179, 6844, 7091, 7253, 8640, 13378]
average accuracy:  0.8187033972967747
average fscore:  0.7410917990883077
average consistency:  0.0
total time:  559.1648970039987
Experiment results saved to results/result_prodrift_fr_5k.csv
event_log:prodrift_fr_5k, discovery_algorithm:IND, prediction_algorithm:LSTM, dynamic_update:True, update_strategy:finetune, apply_constraint:True, use_consistency:True, use_only_conflict_data:True, confidence_threshold:0.5, consistency_alpha:0.75, win_min:300, adwin_threshold:0.674
torch_device: cuda:1
------------Initialization------------
------------Online ActivityPrediction------------
------------Saving Results------------
drift:  0 []
average accuracy:  0.8163396867009046
average fscore:  0.7052151993964738
average consistency:  0.0
total time:  552.9267548240005
Experiment results saved to results/result_prodrift_fr_5k.csv
event_log:prodrift_fr_5k, discovery_algorithm:IND, prediction_algorithm:LSTM, dynamic_update:True, update_strategy:finetune, apply_constraint:True, use_consistency:True, use_only_conflict_data:True, confidence_threshold:0.5, consistency_alpha:0.75, win_min:300, adwin_threshold:1.282
torch_device: cuda:1
------------Initialization------------
------------Online ActivityPrediction------------
------------Saving Results------------
drift:  0 []
average accuracy:  0.8163396867009046
average fscore:  0.7052151993964738
average consistency:  0.0
total time:  582.7350599090005
Experiment results saved to results/result_prodrift_fr_5k.csv
event_log:prodrift_fr_5k, discovery_algorithm:IND, prediction_algorithm:LSTM, dynamic_update:True, update_strategy:finetune, apply_constraint:True, use_consistency:True, use_only_conflict_data:True, confidence_threshold:0.5, consistency_alpha:0.75, win_min:300, adwin_threshold:1.645
torch_device: cuda:1
------------Initialization------------
------------Online ActivityPrediction------------
------------Saving Results------------
drift:  0 []
average accuracy:  0.8163396867009046
average fscore:  0.7052151993964738
average consistency:  0.0
total time:  558.6404146749992
Experiment results saved to results/result_prodrift_fr_5k.csv
event_log:prodrift_fr_5k, discovery_algorithm:IND, prediction_algorithm:LSTM, dynamic_update:True, update_strategy:finetune, apply_constraint:True, use_consistency:True, use_only_conflict_data:True, confidence_threshold:0.5, consistency_alpha:0.75, win_min:300, adwin_threshold:2.326
torch_device: cuda:1
------------Initialization------------
------------Online ActivityPrediction------------
------------Saving Results------------
drift:  0 []
average accuracy:  0.8163396867009046
average fscore:  0.7052151993964738
average consistency:  0.0
total time:  561.9993750309986
Experiment results saved to results/result_prodrift_fr_5k.csv
event_log:prodrift_fr_5k, discovery_algorithm:IND, prediction_algorithm:LSTM, dynamic_update:True, update_strategy:finetune, apply_constraint:True, use_consistency:True, use_only_conflict_data:True, confidence_threshold:0.5, consistency_alpha:0.75, win_min:300, adwin_threshold:2.576
torch_device: cuda:1
------------Initialization------------
------------Online ActivityPrediction------------
------------Saving Results------------
drift:  0 []
average accuracy:  0.8163396867009046
average fscore:  0.7052151993964738
average consistency:  0.0
total time:  543.4839079649992
Experiment results saved to results/result_prodrift_fr_5k.csv
event_log:prodrift_fr_5k, discovery_algorithm:IND, prediction_algorithm:LSTM, dynamic_update:True, update_strategy:finetune, apply_constraint:True, use_consistency:True, use_only_conflict_data:True, confidence_threshold:0.5, consistency_alpha:0.75, win_min:300, adwin_threshold:3.09
torch_device: cuda:1
------------Initialization------------
------------Online ActivityPrediction------------
------------Saving Results------------
drift:  0 []
average accuracy:  0.8163396867009046
average fscore:  0.7052151993964738
average consistency:  0.0
total time:  541.8188721369988
Experiment results saved to results/result_prodrift_fr_5k.csv
event_log:prodrift_fr_5k, discovery_algorithm:IND, prediction_algorithm:LSTM, dynamic_update:True, update_strategy:finetune, apply_constraint:True, use_consistency:True, use_only_conflict_data:True, confidence_threshold:0.5, consistency_alpha:1.0, win_min:300, adwin_threshold:0
torch_device: cuda:1
------------Initialization------------
------------Online ActivityPrediction------------
------------Saving Results------------
drift:  0 []
average accuracy:  0.8163396867009046
average fscore:  0.7052151993964738
average consistency:  0.0
total time:  558.4310499699986
Experiment results saved to results/result_prodrift_fr_5k.csv
event_log:prodrift_fr_5k, discovery_algorithm:IND, prediction_algorithm:LSTM, dynamic_update:True, update_strategy:finetune, apply_constraint:True, use_consistency:True, use_only_conflict_data:True, confidence_threshold:0.5, consistency_alpha:1.0, win_min:300, adwin_threshold:0.674
torch_device: cuda:1
------------Initialization------------
------------Online ActivityPrediction------------
------------Saving Results------------
drift:  0 []
average accuracy:  0.8163396867009046
average fscore:  0.7052151993964738
average consistency:  0.0
total time:  526.669338007001
Experiment results saved to results/result_prodrift_fr_5k.csv
event_log:prodrift_fr_5k, discovery_algorithm:IND, prediction_algorithm:LSTM, dynamic_update:True, update_strategy:finetune, apply_constraint:True, use_consistency:True, use_only_conflict_data:True, confidence_threshold:0.5, consistency_alpha:1.0, win_min:300, adwin_threshold:1.282
torch_device: cuda:1
------------Initialization------------
------------Online ActivityPrediction------------
------------Saving Results------------
drift:  0 []
average accuracy:  0.8163396867009046
average fscore:  0.7052151993964738
average consistency:  0.0
total time:  543.4458206950003
Experiment results saved to results/result_prodrift_fr_5k.csv
event_log:prodrift_fr_5k, discovery_algorithm:IND, prediction_algorithm:LSTM, dynamic_update:True, update_strategy:finetune, apply_constraint:True, use_consistency:True, use_only_conflict_data:True, confidence_threshold:0.5, consistency_alpha:1.0, win_min:300, adwin_threshold:1.645
torch_device: cuda:1
------------Initialization------------
------------Online ActivityPrediction------------
------------Saving Results------------
drift:  0 []
average accuracy:  0.8163396867009046
average fscore:  0.7052151993964738
average consistency:  0.0
total time:  528.4182418089986
Experiment results saved to results/result_prodrift_fr_5k.csv
event_log:prodrift_fr_5k, discovery_algorithm:IND, prediction_algorithm:LSTM, dynamic_update:True, update_strategy:finetune, apply_constraint:True, use_consistency:True, use_only_conflict_data:True, confidence_threshold:0.5, consistency_alpha:1.0, win_min:300, adwin_threshold:2.326
torch_device: cuda:1
------------Initialization------------
------------Online ActivityPrediction------------
------------Saving Results------------
drift:  0 []
average accuracy:  0.8163396867009046
average fscore:  0.7052151993964738
average consistency:  0.0
total time:  525.4148686180015
Experiment results saved to results/result_prodrift_fr_5k.csv
event_log:prodrift_fr_5k, discovery_algorithm:IND, prediction_algorithm:LSTM, dynamic_update:True, update_strategy:finetune, apply_constraint:True, use_consistency:True, use_only_conflict_data:True, confidence_threshold:0.5, consistency_alpha:1.0, win_min:300, adwin_threshold:2.576
torch_device: cuda:1
------------Initialization------------
------------Online ActivityPrediction------------
------------Saving Results------------
drift:  0 []
average accuracy:  0.8163396867009046
average fscore:  0.7052151993964738
average consistency:  0.0
total time:  537.8427281790027
Experiment results saved to results/result_prodrift_fr_5k.csv
event_log:prodrift_fr_5k, discovery_algorithm:IND, prediction_algorithm:LSTM, dynamic_update:True, update_strategy:finetune, apply_constraint:True, use_consistency:True, use_only_conflict_data:True, confidence_threshold:0.5, consistency_alpha:1.0, win_min:300, adwin_threshold:3.09
torch_device: cuda:1
------------Initialization------------
------------Online ActivityPrediction------------
------------Saving Results------------
drift:  0 []
average accuracy:  0.8163396867009046
average fscore:  0.7052151993964738
average consistency:  0.0
total time:  530.5322913950004
Experiment results saved to results/result_prodrift_fr_5k.csv
event_log:prodrift_fr_5k, discovery_algorithm:IND, prediction_algorithm:Transformer, dynamic_update:True, update_strategy:finetune, apply_constraint:True, use_consistency:True, use_only_conflict_data:True, confidence_threshold:0.5, consistency_alpha:0, win_min:300, adwin_threshold:0
torch_device: cuda:1
------------Initialization------------/home/inspur/anaconda3/envs/coap/lib/python3.12/site-packages/torch/nn/modules/transformer.py:508: UserWarning: The PyTorch API of nested tensors is in prototype stage and will change in the near future. We recommend specifying layout=torch.jagged when constructing a nested tensor, as this layout receives active development, has better operator coverage, and works with torch.compile. (Triggered internally at /pytorch/aten/src/ATen/NestedTensorImpl.cpp:178.)
  output = torch._nested_tensor_from_mask(

------------Online ActivityPrediction------------
------------Updating Models------------
------------Updating Models------------
------------Updating Models------------
------------Saving Results------------
drift:  3 [5992, 6854, 14141]
average accuracy:  0.814233835442766
average fscore:  0.7122934873672633
average consistency:  0.0
total time:  917.2779013379986
Experiment results saved to results/result_prodrift_fr_5k.csv
event_log:prodrift_fr_5k, discovery_algorithm:IND, prediction_algorithm:Transformer, dynamic_update:True, update_strategy:finetune, apply_constraint:True, use_consistency:True, use_only_conflict_data:True, confidence_threshold:0.5, consistency_alpha:0, win_min:300, adwin_threshold:0.674
torch_device: cuda:1
------------Initialization------------
------------Online ActivityPrediction------------
------------Updating Models------------
------------Updating Models------------
------------Updating Models------------
------------Saving Results------------
drift:  3 [5992, 6854, 14141]
average accuracy:  0.814233835442766
average fscore:  0.7122934873672633
average consistency:  0.0
total time:  862.6758261989999
Experiment results saved to results/result_prodrift_fr_5k.csv
event_log:prodrift_fr_5k, discovery_algorithm:IND, prediction_algorithm:Transformer, dynamic_update:True, update_strategy:finetune, apply_constraint:True, use_consistency:True, use_only_conflict_data:True, confidence_threshold:0.5, consistency_alpha:0, win_min:300, adwin_threshold:1.282
torch_device: cuda:1
------------Initialization------------
------------Online ActivityPrediction------------
------------Saving Results------------
drift:  0 []
average accuracy:  0.8175860068332724
average fscore:  0.724185595939815
average consistency:  0.0
total time:  874.5755732879988
Experiment results saved to results/result_prodrift_fr_5k.csv
event_log:prodrift_fr_5k, discovery_algorithm:IND, prediction_algorithm:Transformer, dynamic_update:True, update_strategy:finetune, apply_constraint:True, use_consistency:True, use_only_conflict_data:True, confidence_threshold:0.5, consistency_alpha:0, win_min:300, adwin_threshold:1.645
torch_device: cuda:1
------------Initialization------------
------------Online ActivityPrediction------------
------------Saving Results------------
drift:  0 []
average accuracy:  0.8175860068332724
average fscore:  0.724185595939815
average consistency:  0.0
total time:  836.7922824249981
Experiment results saved to results/result_prodrift_fr_5k.csv
event_log:prodrift_fr_5k, discovery_algorithm:IND, prediction_algorithm:Transformer, dynamic_update:True, update_strategy:finetune, apply_constraint:True, use_consistency:True, use_only_conflict_data:True, confidence_threshold:0.5, consistency_alpha:0, win_min:300, adwin_threshold:2.326
torch_device: cuda:1
------------Initialization------------
------------Online ActivityPrediction------------
------------Saving Results------------
drift:  0 []
average accuracy:  0.8175860068332724
average fscore:  0.724185595939815
average consistency:  0.0
total time:  839.5202222139997
Experiment results saved to results/result_prodrift_fr_5k.csv
event_log:prodrift_fr_5k, discovery_algorithm:IND, prediction_algorithm:Transformer, dynamic_update:True, update_strategy:finetune, apply_constraint:True, use_consistency:True, use_only_conflict_data:True, confidence_threshold:0.5, consistency_alpha:0, win_min:300, adwin_threshold:2.576
torch_device: cuda:1
------------Initialization------------
------------Online ActivityPrediction------------
------------Saving Results------------
drift:  0 []
average accuracy:  0.8175860068332724
average fscore:  0.724185595939815
average consistency:  0.0
total time:  842.5962333239986
Experiment results saved to results/result_prodrift_fr_5k.csv
event_log:prodrift_fr_5k, discovery_algorithm:IND, prediction_algorithm:Transformer, dynamic_update:True, update_strategy:finetune, apply_constraint:True, use_consistency:True, use_only_conflict_data:True, confidence_threshold:0.5, consistency_alpha:0, win_min:300, adwin_threshold:3.09
torch_device: cuda:1
------------Initialization------------
------------Online ActivityPrediction------------
------------Saving Results------------
drift:  0 []
average accuracy:  0.8175860068332724
average fscore:  0.724185595939815
average consistency:  0.0
total time:  825.1023079660008
Experiment results saved to results/result_prodrift_fr_5k.csv
event_log:prodrift_fr_5k, discovery_algorithm:IND, prediction_algorithm:Transformer, dynamic_update:True, update_strategy:finetune, apply_constraint:True, use_consistency:True, use_only_conflict_data:True, confidence_threshold:0.5, consistency_alpha:0.25, win_min:300, adwin_threshold:0
torch_device: cuda:1
------------Initialization------------
------------Online ActivityPrediction------------
------------Updating Models------------
------------Updating Models------------
------------Updating Models------------
------------Saving Results------------
drift:  3 [5992, 6854, 14141]
average accuracy:  0.814233835442766
average fscore:  0.7122934873672633
average consistency:  0.0
total time:  921.7034391980014
Experiment results saved to results/result_prodrift_fr_5k.csv
event_log:prodrift_fr_5k, discovery_algorithm:IND, prediction_algorithm:Transformer, dynamic_update:True, update_strategy:finetune, apply_constraint:True, use_consistency:True, use_only_conflict_data:True, confidence_threshold:0.5, consistency_alpha:0.25, win_min:300, adwin_threshold:0.674
torch_device: cuda:1
------------Initialization------------
------------Online ActivityPrediction------------
------------Updating Models------------
------------Updating Models------------
------------Saving Results------------
drift:  2 [5993, 8189]
average accuracy:  0.827019360938608
average fscore:  0.701636212762507
average consistency:  0.0
total time:  1093.2126393949984
Experiment results saved to results/result_prodrift_fr_5k.csv
event_log:prodrift_fr_5k, discovery_algorithm:IND, prediction_algorithm:Transformer, dynamic_update:True, update_strategy:finetune, apply_constraint:True, use_consistency:True, use_only_conflict_data:True, confidence_threshold:0.5, consistency_alpha:0.25, win_min:300, adwin_threshold:1.282
torch_device: cuda:1
------------Initialization------------
------------Online ActivityPrediction------------
------------Saving Results------------
drift:  0 []
average accuracy:  0.8175860068332724
average fscore:  0.724185595939815
average consistency:  0.0
total time:  1088.4222163759987
Experiment results saved to results/result_prodrift_fr_5k.csv
event_log:prodrift_fr_5k, discovery_algorithm:IND, prediction_algorithm:Transformer, dynamic_update:True, update_strategy:finetune, apply_constraint:True, use_consistency:True, use_only_conflict_data:True, confidence_threshold:0.5, consistency_alpha:0.25, win_min:300, adwin_threshold:1.645
torch_device: cuda:1
------------Initialization------------
------------Online ActivityPrediction------------
------------Saving Results------------
drift:  0 []
average accuracy:  0.8175860068332724
average fscore:  0.724185595939815
average consistency:  0.0
total time:  1030.4150555910019
Experiment results saved to results/result_prodrift_fr_5k.csv
event_log:prodrift_fr_5k, discovery_algorithm:IND, prediction_algorithm:Transformer, dynamic_update:True, update_strategy:finetune, apply_constraint:True, use_consistency:True, use_only_conflict_data:True, confidence_threshold:0.5, consistency_alpha:0.25, win_min:300, adwin_threshold:2.326
torch_device: cuda:1
------------Initialization------------
------------Online ActivityPrediction------------
------------Saving Results------------
drift:  0 []
average accuracy:  0.8175860068332724
average fscore:  0.724185595939815
average consistency:  0.0
total time:  1052.6633004780015
Experiment results saved to results/result_prodrift_fr_5k.csv
event_log:prodrift_fr_5k, discovery_algorithm:IND, prediction_algorithm:Transformer, dynamic_update:True, update_strategy:finetune, apply_constraint:True, use_consistency:True, use_only_conflict_data:True, confidence_threshold:0.5, consistency_alpha:0.25, win_min:300, adwin_threshold:2.576
torch_device: cuda:1
------------Initialization------------
------------Online ActivityPrediction------------
------------Saving Results------------
drift:  0 []
average accuracy:  0.8175860068332724
average fscore:  0.724185595939815
average consistency:  0.0
total time:  977.9840162620021
Experiment results saved to results/result_prodrift_fr_5k.csv
event_log:prodrift_fr_5k, discovery_algorithm:IND, prediction_algorithm:Transformer, dynamic_update:True, update_strategy:finetune, apply_constraint:True, use_consistency:True, use_only_conflict_data:True, confidence_threshold:0.5, consistency_alpha:0.25, win_min:300, adwin_threshold:3.09
torch_device: cuda:1
------------Initialization------------
------------Online ActivityPrediction------------
------------Saving Results------------
drift:  0 []
average accuracy:  0.8175860068332724
average fscore:  0.724185595939815
average consistency:  0.0
total time:  1009.9210569169991
Experiment results saved to results/result_prodrift_fr_5k.csv
event_log:prodrift_fr_5k, discovery_algorithm:IND, prediction_algorithm:Transformer, dynamic_update:True, update_strategy:finetune, apply_constraint:True, use_consistency:True, use_only_conflict_data:True, confidence_threshold:0.5, consistency_alpha:0.5, win_min:300, adwin_threshold:0
torch_device: cuda:1
------------Initialization------------
------------Online ActivityPrediction------------
------------Updating Models------------
------------Updating Models------------
------------Updating Models------------
------------Saving Results------------
drift:  3 [5992, 6854, 14141]
average accuracy:  0.814233835442766
average fscore:  0.7122934873672633
average consistency:  0.0
total time:  1021.3820052839983
Experiment results saved to results/result_prodrift_fr_5k.csv
event_log:prodrift_fr_5k, discovery_algorithm:IND, prediction_algorithm:Transformer, dynamic_update:True, update_strategy:finetune, apply_constraint:True, use_consistency:True, use_only_conflict_data:True, confidence_threshold:0.5, consistency_alpha:0.5, win_min:300, adwin_threshold:0.674
torch_device: cuda:1
------------Initialization------------
------------Online ActivityPrediction------------
------------Updating Models------------
------------Updating Models------------
------------Saving Results------------
drift:  2 [6000, 8537]
average accuracy:  0.8268904312697424
average fscore:  0.7016656124253755
average consistency:  0.0
total time:  981.2030431320018
Experiment results saved to results/result_prodrift_fr_5k.csv
event_log:prodrift_fr_5k, discovery_algorithm:IND, prediction_algorithm:Transformer, dynamic_update:True, update_strategy:finetune, apply_constraint:True, use_consistency:True, use_only_conflict_data:True, confidence_threshold:0.5, consistency_alpha:0.5, win_min:300, adwin_threshold:1.282
torch_device: cuda:1
------------Initialization------------
------------Online ActivityPrediction------------
------------Saving Results------------
drift:  0 []
average accuracy:  0.8175860068332724
average fscore:  0.724185595939815
average consistency:  0.0
total time:  1039.906168567999
Experiment results saved to results/result_prodrift_fr_5k.csv
event_log:prodrift_fr_5k, discovery_algorithm:IND, prediction_algorithm:Transformer, dynamic_update:True, update_strategy:finetune, apply_constraint:True, use_consistency:True, use_only_conflict_data:True, confidence_threshold:0.5, consistency_alpha:0.5, win_min:300, adwin_threshold:1.645
torch_device: cuda:1
------------Initialization------------
------------Online ActivityPrediction------------
------------Saving Results------------
drift:  0 []
average accuracy:  0.8175860068332724
average fscore:  0.724185595939815
average consistency:  0.0
total time:  966.0368049289973
Experiment results saved to results/result_prodrift_fr_5k.csv
event_log:prodrift_fr_5k, discovery_algorithm:IND, prediction_algorithm:Transformer, dynamic_update:True, update_strategy:finetune, apply_constraint:True, use_consistency:True, use_only_conflict_data:True, confidence_threshold:0.5, consistency_alpha:0.5, win_min:300, adwin_threshold:2.326
torch_device: cuda:1
------------Initialization------------
------------Online ActivityPrediction------------
------------Saving Results------------
drift:  0 []
average accuracy:  0.8175860068332724
average fscore:  0.724185595939815
average consistency:  0.0
total time:  994.0443890710012
Experiment results saved to results/result_prodrift_fr_5k.csv
event_log:prodrift_fr_5k, discovery_algorithm:IND, prediction_algorithm:Transformer, dynamic_update:True, update_strategy:finetune, apply_constraint:True, use_consistency:True, use_only_conflict_data:True, confidence_threshold:0.5, consistency_alpha:0.5, win_min:300, adwin_threshold:2.576
torch_device: cuda:1
------------Initialization------------
------------Online ActivityPrediction------------
------------Saving Results------------
drift:  0 []
average accuracy:  0.8175860068332724
average fscore:  0.724185595939815
average consistency:  0.0
total time:  1028.446835734001
Experiment results saved to results/result_prodrift_fr_5k.csv
event_log:prodrift_fr_5k, discovery_algorithm:IND, prediction_algorithm:Transformer, dynamic_update:True, update_strategy:finetune, apply_constraint:True, use_consistency:True, use_only_conflict_data:True, confidence_threshold:0.5, consistency_alpha:0.5, win_min:300, adwin_threshold:3.09
torch_device: cuda:1
------------Initialization------------
------------Online ActivityPrediction------------
------------Saving Results------------
drift:  0 []
average accuracy:  0.8175860068332724
average fscore:  0.724185595939815
average consistency:  0.0
total time:  964.0316446139987
Experiment results saved to results/result_prodrift_fr_5k.csv
event_log:prodrift_fr_5k, discovery_algorithm:IND, prediction_algorithm:Transformer, dynamic_update:True, update_strategy:finetune, apply_constraint:True, use_consistency:True, use_only_conflict_data:True, confidence_threshold:0.5, consistency_alpha:0.75, win_min:300, adwin_threshold:0
torch_device: cuda:1
------------Initialization------------
------------Online ActivityPrediction------------
------------Updating Models------------
------------Updating Models------------
------------Updating Models------------
------------Saving Results------------
drift:  3 [5992, 6854, 14141]
average accuracy:  0.814233835442766
average fscore:  0.7122934873672633
average consistency:  0.0
total time:  1067.0051176620036
Experiment results saved to results/result_prodrift_fr_5k.csv
event_log:prodrift_fr_5k, discovery_algorithm:IND, prediction_algorithm:Transformer, dynamic_update:True, update_strategy:finetune, apply_constraint:True, use_consistency:True, use_only_conflict_data:True, confidence_threshold:0.5, consistency_alpha:0.75, win_min:300, adwin_threshold:0.674
torch_device: cuda:1
------------Initialization------------
------------Online ActivityPrediction------------
------------Saving Results------------
drift:  0 []
average accuracy:  0.8175860068332724
average fscore:  0.724185595939815
average consistency:  0.0
total time:  987.8336685219983
Experiment results saved to results/result_prodrift_fr_5k.csv
event_log:prodrift_fr_5k, discovery_algorithm:IND, prediction_algorithm:Transformer, dynamic_update:True, update_strategy:finetune, apply_constraint:True, use_consistency:True, use_only_conflict_data:True, confidence_threshold:0.5, consistency_alpha:0.75, win_min:300, adwin_threshold:1.282
torch_device: cuda:1
------------Initialization------------
------------Online ActivityPrediction------------
------------Saving Results------------
drift:  0 []
average accuracy:  0.8175860068332724
average fscore:  0.724185595939815
average consistency:  0.0
total time:  969.6034876439953
Experiment results saved to results/result_prodrift_fr_5k.csv
event_log:prodrift_fr_5k, discovery_algorithm:IND, prediction_algorithm:Transformer, dynamic_update:True, update_strategy:finetune, apply_constraint:True, use_consistency:True, use_only_conflict_data:True, confidence_threshold:0.5, consistency_alpha:0.75, win_min:300, adwin_threshold:1.645
torch_device: cuda:1
------------Initialization------------
------------Online ActivityPrediction------------
------------Saving Results------------
drift:  0 []
average accuracy:  0.8175860068332724
average fscore:  0.724185595939815
average consistency:  0.0
total time:  980.4752819679998
Experiment results saved to results/result_prodrift_fr_5k.csv
event_log:prodrift_fr_5k, discovery_algorithm:IND, prediction_algorithm:Transformer, dynamic_update:True, update_strategy:finetune, apply_constraint:True, use_consistency:True, use_only_conflict_data:True, confidence_threshold:0.5, consistency_alpha:0.75, win_min:300, adwin_threshold:2.326
torch_device: cuda:1
------------Initialization------------
------------Online ActivityPrediction------------
------------Saving Results------------
drift:  0 []
average accuracy:  0.8175860068332724
average fscore:  0.724185595939815
average consistency:  0.0
total time:  953.9776775130013
Experiment results saved to results/result_prodrift_fr_5k.csv
event_log:prodrift_fr_5k, discovery_algorithm:IND, prediction_algorithm:Transformer, dynamic_update:True, update_strategy:finetune, apply_constraint:True, use_consistency:True, use_only_conflict_data:True, confidence_threshold:0.5, consistency_alpha:0.75, win_min:300, adwin_threshold:2.576
torch_device: cuda:1
------------Initialization------------
------------Online ActivityPrediction------------
------------Saving Results------------
drift:  0 []
average accuracy:  0.8175860068332724
average fscore:  0.724185595939815
average consistency:  0.0
total time:  950.5759937809999
Experiment results saved to results/result_prodrift_fr_5k.csv
event_log:prodrift_fr_5k, discovery_algorithm:IND, prediction_algorithm:Transformer, dynamic_update:True, update_strategy:finetune, apply_constraint:True, use_consistency:True, use_only_conflict_data:True, confidence_threshold:0.5, consistency_alpha:0.75, win_min:300, adwin_threshold:3.09
torch_device: cuda:1
------------Initialization------------
------------Online ActivityPrediction------------
------------Saving Results------------
drift:  0 []
average accuracy:  0.8175860068332724
average fscore:  0.724185595939815
average consistency:  0.0
total time:  972.5171517850031
Experiment results saved to results/result_prodrift_fr_5k.csv
event_log:prodrift_fr_5k, discovery_algorithm:IND, prediction_algorithm:Transformer, dynamic_update:True, update_strategy:finetune, apply_constraint:True, use_consistency:True, use_only_conflict_data:True, confidence_threshold:0.5, consistency_alpha:1.0, win_min:300, adwin_threshold:0
torch_device: cuda:1
------------Initialization------------
------------Online ActivityPrediction------------
------------Saving Results------------
drift:  0 []
average accuracy:  0.8175860068332724
average fscore:  0.724185595939815
average consistency:  0.0
total time:  948.3928430980013
Experiment results saved to results/result_prodrift_fr_5k.csv
event_log:prodrift_fr_5k, discovery_algorithm:IND, prediction_algorithm:Transformer, dynamic_update:True, update_strategy:finetune, apply_constraint:True, use_consistency:True, use_only_conflict_data:True, confidence_threshold:0.5, consistency_alpha:1.0, win_min:300, adwin_threshold:0.674
torch_device: cuda:1
------------Initialization------------
------------Online ActivityPrediction------------
------------Saving Results------------
drift:  0 []
average accuracy:  0.8175860068332724
average fscore:  0.724185595939815
average consistency:  0.0
total time:  961.7097932339966
Experiment results saved to results/result_prodrift_fr_5k.csv
event_log:prodrift_fr_5k, discovery_algorithm:IND, prediction_algorithm:Transformer, dynamic_update:True, update_strategy:finetune, apply_constraint:True, use_consistency:True, use_only_conflict_data:True, confidence_threshold:0.5, consistency_alpha:1.0, win_min:300, adwin_threshold:1.282
torch_device: cuda:1
------------Initialization------------
------------Online ActivityPrediction------------
------------Saving Results------------
drift:  0 []
average accuracy:  0.8175860068332724
average fscore:  0.724185595939815
average consistency:  0.0
total time:  994.1086422829976
Experiment results saved to results/result_prodrift_fr_5k.csv
event_log:prodrift_fr_5k, discovery_algorithm:IND, prediction_algorithm:Transformer, dynamic_update:True, update_strategy:finetune, apply_constraint:True, use_consistency:True, use_only_conflict_data:True, confidence_threshold:0.5, consistency_alpha:1.0, win_min:300, adwin_threshold:1.645
torch_device: cuda:1
------------Initialization------------
------------Online ActivityPrediction------------
------------Saving Results------------
drift:  0 []
average accuracy:  0.8175860068332724
average fscore:  0.724185595939815
average consistency:  0.0
total time:  910.2167905399983
Experiment results saved to results/result_prodrift_fr_5k.csv
event_log:prodrift_fr_5k, discovery_algorithm:IND, prediction_algorithm:Transformer, dynamic_update:True, update_strategy:finetune, apply_constraint:True, use_consistency:True, use_only_conflict_data:True, confidence_threshold:0.5, consistency_alpha:1.0, win_min:300, adwin_threshold:2.326
torch_device: cuda:1
------------Initialization------------
------------Online ActivityPrediction------------
------------Saving Results------------
drift:  0 []
average accuracy:  0.8175860068332724
average fscore:  0.724185595939815
average consistency:  0.0
total time:  951.3007035339979
Experiment results saved to results/result_prodrift_fr_5k.csv
event_log:prodrift_fr_5k, discovery_algorithm:IND, prediction_algorithm:Transformer, dynamic_update:True, update_strategy:finetune, apply_constraint:True, use_consistency:True, use_only_conflict_data:True, confidence_threshold:0.5, consistency_alpha:1.0, win_min:300, adwin_threshold:2.576
torch_device: cuda:1
------------Initialization------------
------------Online ActivityPrediction------------
------------Saving Results------------
drift:  0 []
average accuracy:  0.8175860068332724
average fscore:  0.724185595939815
average consistency:  0.0
total time:  858.2916404560019
Experiment results saved to results/result_prodrift_fr_5k.csv
event_log:prodrift_fr_5k, discovery_algorithm:IND, prediction_algorithm:Transformer, dynamic_update:True, update_strategy:finetune, apply_constraint:True, use_consistency:True, use_only_conflict_data:True, confidence_threshold:0.5, consistency_alpha:1.0, win_min:300, adwin_threshold:3.09
torch_device: cuda:1
------------Initialization------------
------------Online ActivityPrediction------------
------------Saving Results------------
drift:  0 []
average accuracy:  0.8175860068332724
average fscore:  0.724185595939815
average consistency:  0.0
total time:  911.6281316499953
Experiment results saved to results/result_prodrift_fr_5k.csv
event_log:prodrift_fr_5k, discovery_algorithm:ILP, prediction_algorithm:LSTM, dynamic_update:True, update_strategy:finetune, apply_constraint:True, use_consistency:True, use_only_conflict_data:True, confidence_threshold:0.5, consistency_alpha:0, win_min:300, adwin_threshold:0
torch_device: cuda:1
------------Initialization------------
------------Online ActivityPrediction------------
------------Updating Models------------
------------Updating Models------------
------------Updating Models------------
------------Updating Models------------
------------Updating Models------------
------------Updating Models------------
------------Saving Results------------
drift:  6 [5992, 6179, 8688, 8714, 9614, 9673]
average accuracy:  0.8167264757075016
average fscore:  0.7051719649760749
average consistency:  0.0
total time:  546.2905802000023
Experiment results saved to results/result_prodrift_fr_5k.csv
event_log:prodrift_fr_5k, discovery_algorithm:ILP, prediction_algorithm:LSTM, dynamic_update:True, update_strategy:finetune, apply_constraint:True, use_consistency:True, use_only_conflict_data:True, confidence_threshold:0.5, consistency_alpha:0, win_min:300, adwin_threshold:0.674
torch_device: cuda:1
------------Initialization------------
------------Online ActivityPrediction------------
------------Updating Models------------
------------Updating Models------------
------------Updating Models------------
------------Updating Models------------
------------Updating Models------------
------------Saving Results------------
drift:  5 [5993, 6803, 6848, 7388, 7396]
average accuracy:  0.8271912671637621
average fscore:  0.6973461465416038
average consistency:  0.0
total time:  572.1746549329982
Experiment results saved to results/result_prodrift_fr_5k.csv
event_log:prodrift_fr_5k, discovery_algorithm:ILP, prediction_algorithm:LSTM, dynamic_update:True, update_strategy:finetune, apply_constraint:True, use_consistency:True, use_only_conflict_data:True, confidence_threshold:0.5, consistency_alpha:0, win_min:300, adwin_threshold:1.282
torch_device: cuda:1
------------Initialization------------
------------Online ActivityPrediction------------
------------Saving Results------------
drift:  0 []
average accuracy:  0.8163396867009046
average fscore:  0.7052151993964738
average consistency:  0.0
total time:  575.4813856799956
Experiment results saved to results/result_prodrift_fr_5k.csv
event_log:prodrift_fr_5k, discovery_algorithm:ILP, prediction_algorithm:LSTM, dynamic_update:True, update_strategy:finetune, apply_constraint:True, use_consistency:True, use_only_conflict_data:True, confidence_threshold:0.5, consistency_alpha:0, win_min:300, adwin_threshold:1.645
torch_device: cuda:1
------------Initialization------------
------------Online ActivityPrediction------------
------------Saving Results------------
drift:  0 []
average accuracy:  0.8163396867009046
average fscore:  0.7052151993964738
average consistency:  0.0
total time:  612.3579391130042
Experiment results saved to results/result_prodrift_fr_5k.csv
event_log:prodrift_fr_5k, discovery_algorithm:ILP, prediction_algorithm:LSTM, dynamic_update:True, update_strategy:finetune, apply_constraint:True, use_consistency:True, use_only_conflict_data:True, confidence_threshold:0.5, consistency_alpha:0, win_min:300, adwin_threshold:2.326
torch_device: cuda:1
------------Initialization------------
------------Online ActivityPrediction------------
------------Saving Results------------
drift:  0 []
average accuracy:  0.8163396867009046
average fscore:  0.7052151993964738
average consistency:  0.0
total time:  569.3364007550044
Experiment results saved to results/result_prodrift_fr_5k.csv
event_log:prodrift_fr_5k, discovery_algorithm:ILP, prediction_algorithm:LSTM, dynamic_update:True, update_strategy:finetune, apply_constraint:True, use_consistency:True, use_only_conflict_data:True, confidence_threshold:0.5, consistency_alpha:0, win_min:300, adwin_threshold:2.576
torch_device: cuda:1
------------Initialization------------
------------Online ActivityPrediction------------
------------Saving Results------------
drift:  0 []
average accuracy:  0.8163396867009046
average fscore:  0.7052151993964738
average consistency:  0.0
total time:  519.0531189309986
Experiment results saved to results/result_prodrift_fr_5k.csv
event_log:prodrift_fr_5k, discovery_algorithm:ILP, prediction_algorithm:LSTM, dynamic_update:True, update_strategy:finetune, apply_constraint:True, use_consistency:True, use_only_conflict_data:True, confidence_threshold:0.5, consistency_alpha:0, win_min:300, adwin_threshold:3.09
torch_device: cuda:1
------------Initialization------------
------------Online ActivityPrediction------------
------------Saving Results------------
drift:  0 []
average accuracy:  0.8163396867009046
average fscore:  0.7052151993964738
average consistency:  0.0
total time:  548.9164277310047
Experiment results saved to results/result_prodrift_fr_5k.csv
event_log:prodrift_fr_5k, discovery_algorithm:ILP, prediction_algorithm:LSTM, dynamic_update:True, update_strategy:finetune, apply_constraint:True, use_consistency:True, use_only_conflict_data:True, confidence_threshold:0.5, consistency_alpha:0.25, win_min:300, adwin_threshold:0
torch_device: cuda:1
------------Initialization------------
------------Online ActivityPrediction------------
------------Updating Models------------
------------Updating Models------------
------------Updating Models------------
------------Updating Models------------
------------Updating Models------------
------------Updating Models------------
------------Updating Models------------
------------Saving Results------------
drift:  7 [5992, 6179, 6844, 7091, 7253, 8640, 13378]
average accuracy:  0.8187033972967747
average fscore:  0.7410917990883077
average consistency:  0.0
total time:  606.7309962790023
Experiment results saved to results/result_prodrift_fr_5k.csv
event_log:prodrift_fr_5k, discovery_algorithm:ILP, prediction_algorithm:LSTM, dynamic_update:True, update_strategy:finetune, apply_constraint:True, use_consistency:True, use_only_conflict_data:True, confidence_threshold:0.5, consistency_alpha:0.25, win_min:300, adwin_threshold:0.674
torch_device: cuda:1
------------Initialization------------
------------Online ActivityPrediction------------
------------Updating Models------------
------------Updating Models------------
------------Updating Models------------
------------Updating Models------------
------------Updating Models------------
------------Updating Models------------
------------Saving Results------------
drift:  6 [5993, 6806, 6847, 6964, 7179, 16201]
average accuracy:  0.8283516341835528
average fscore:  0.7226276287370497
average consistency:  0.0
total time:  611.8522604409955
Experiment results saved to results/result_prodrift_fr_5k.csv
New best accuracy: 0.8283516341835528
event_log:prodrift_fr_5k, discovery_algorithm:ILP, prediction_algorithm:LSTM, dynamic_update:True, update_strategy:finetune, apply_constraint:True, use_consistency:True, use_only_conflict_data:True, confidence_threshold:0.5, consistency_alpha:0.25, win_min:300, adwin_threshold:1.282
torch_device: cuda:1
------------Initialization------------
------------Online ActivityPrediction------------
------------Saving Results------------
drift:  0 []
average accuracy:  0.8163396867009046
average fscore:  0.7052151993964738
average consistency:  0.0
total time:  550.147205786001
Experiment results saved to results/result_prodrift_fr_5k.csv
event_log:prodrift_fr_5k, discovery_algorithm:ILP, prediction_algorithm:LSTM, dynamic_update:True, update_strategy:finetune, apply_constraint:True, use_consistency:True, use_only_conflict_data:True, confidence_threshold:0.5, consistency_alpha:0.25, win_min:300, adwin_threshold:1.645
torch_device: cuda:1
------------Initialization------------
------------Online ActivityPrediction------------
------------Saving Results------------
drift:  0 []
average accuracy:  0.8163396867009046
average fscore:  0.7052151993964738
average consistency:  0.0
total time:  541.5404968950024
Experiment results saved to results/result_prodrift_fr_5k.csv
event_log:prodrift_fr_5k, discovery_algorithm:ILP, prediction_algorithm:LSTM, dynamic_update:True, update_strategy:finetune, apply_constraint:True, use_consistency:True, use_only_conflict_data:True, confidence_threshold:0.5, consistency_alpha:0.25, win_min:300, adwin_threshold:2.326
torch_device: cuda:1
------------Initialization------------
------------Online ActivityPrediction------------
------------Saving Results------------
drift:  0 []
average accuracy:  0.8163396867009046
average fscore:  0.7052151993964738
average consistency:  0.0
total time:  556.5239589140037
Experiment results saved to results/result_prodrift_fr_5k.csv
event_log:prodrift_fr_5k, discovery_algorithm:ILP, prediction_algorithm:LSTM, dynamic_update:True, update_strategy:finetune, apply_constraint:True, use_consistency:True, use_only_conflict_data:True, confidence_threshold:0.5, consistency_alpha:0.25, win_min:300, adwin_threshold:2.576
torch_device: cuda:1
------------Initialization------------
------------Online ActivityPrediction------------
------------Saving Results------------
drift:  0 []
average accuracy:  0.8163396867009046
average fscore:  0.7052151993964738
average consistency:  0.0
total time:  623.8320433970002
Experiment results saved to results/result_prodrift_fr_5k.csv
event_log:prodrift_fr_5k, discovery_algorithm:ILP, prediction_algorithm:LSTM, dynamic_update:True, update_strategy:finetune, apply_constraint:True, use_consistency:True, use_only_conflict_data:True, confidence_threshold:0.5, consistency_alpha:0.25, win_min:300, adwin_threshold:3.09
torch_device: cuda:1
------------Initialization------------
------------Online ActivityPrediction------------
------------Saving Results------------
drift:  0 []
average accuracy:  0.8163396867009046
average fscore:  0.7052151993964738
average consistency:  0.0
total time:  589.4835521770001
Experiment results saved to results/result_prodrift_fr_5k.csv
event_log:prodrift_fr_5k, discovery_algorithm:ILP, prediction_algorithm:LSTM, dynamic_update:True, update_strategy:finetune, apply_constraint:True, use_consistency:True, use_only_conflict_data:True, confidence_threshold:0.5, consistency_alpha:0.5, win_min:300, adwin_threshold:0
torch_device: cuda:1
------------Initialization------------
------------Online ActivityPrediction------------
------------Updating Models------------
------------Updating Models------------
------------Updating Models------------
------------Updating Models------------
------------Updating Models------------
------------Updating Models------------
------------Updating Models------------
------------Saving Results------------
drift:  7 [5992, 6179, 6844, 7091, 7253, 8640, 13378]
average accuracy:  0.8187033972967747
average fscore:  0.7410917990883077
average consistency:  0.0
total time:  547.3205683439955
Experiment results saved to results/result_prodrift_fr_5k.csv
event_log:prodrift_fr_5k, discovery_algorithm:ILP, prediction_algorithm:LSTM, dynamic_update:True, update_strategy:finetune, apply_constraint:True, use_consistency:True, use_only_conflict_data:True, confidence_threshold:0.5, consistency_alpha:0.5, win_min:300, adwin_threshold:0.674
torch_device: cuda:1
------------Initialization------------
------------Online ActivityPrediction------------
------------Updating Models------------
------------Updating Models------------
------------Updating Models------------
------------Saving Results------------
drift:  3 [6276, 8480, 14119]
average accuracy:  0.8145346713367858
average fscore:  0.7235568480144521
average consistency:  0.0
total time:  595.8212709450017
Experiment results saved to results/result_prodrift_fr_5k.csv
event_log:prodrift_fr_5k, discovery_algorithm:ILP, prediction_algorithm:LSTM, dynamic_update:True, update_strategy:finetune, apply_constraint:True, use_consistency:True, use_only_conflict_data:True, confidence_threshold:0.5, consistency_alpha:0.5, win_min:300, adwin_threshold:1.282
torch_device: cuda:1
------------Initialization------------
------------Online ActivityPrediction------------
------------Saving Results------------
drift:  0 []
average accuracy:  0.8163396867009046
average fscore:  0.7052151993964738
average consistency:  0.0
total time:  585.0166507230024
Experiment results saved to results/result_prodrift_fr_5k.csv
event_log:prodrift_fr_5k, discovery_algorithm:ILP, prediction_algorithm:LSTM, dynamic_update:True, update_strategy:finetune, apply_constraint:True, use_consistency:True, use_only_conflict_data:True, confidence_threshold:0.5, consistency_alpha:0.5, win_min:300, adwin_threshold:1.645
torch_device: cuda:1
------------Initialization------------
------------Online ActivityPrediction------------
------------Saving Results------------
drift:  0 []
average accuracy:  0.8163396867009046
average fscore:  0.7052151993964738
average consistency:  0.0
total time:  551.1993933109989
Experiment results saved to results/result_prodrift_fr_5k.csv
event_log:prodrift_fr_5k, discovery_algorithm:ILP, prediction_algorithm:LSTM, dynamic_update:True, update_strategy:finetune, apply_constraint:True, use_consistency:True, use_only_conflict_data:True, confidence_threshold:0.5, consistency_alpha:0.5, win_min:300, adwin_threshold:2.326
torch_device: cuda:1
------------Initialization------------
------------Online ActivityPrediction------------
------------Saving Results------------
drift:  0 []
average accuracy:  0.8163396867009046
average fscore:  0.7052151993964738
average consistency:  0.0
total time:  553.5378266269981
Experiment results saved to results/result_prodrift_fr_5k.csv
event_log:prodrift_fr_5k, discovery_algorithm:ILP, prediction_algorithm:LSTM, dynamic_update:True, update_strategy:finetune, apply_constraint:True, use_consistency:True, use_only_conflict_data:True, confidence_threshold:0.5, consistency_alpha:0.5, win_min:300, adwin_threshold:2.576
torch_device: cuda:1
------------Initialization------------
------------Online ActivityPrediction------------
------------Saving Results------------
drift:  0 []
average accuracy:  0.8163396867009046
average fscore:  0.7052151993964738
average consistency:  0.0
total time:  565.2323310760039
Experiment results saved to results/result_prodrift_fr_5k.csv
event_log:prodrift_fr_5k, discovery_algorithm:ILP, prediction_algorithm:LSTM, dynamic_update:True, update_strategy:finetune, apply_constraint:True, use_consistency:True, use_only_conflict_data:True, confidence_threshold:0.5, consistency_alpha:0.5, win_min:300, adwin_threshold:3.09
torch_device: cuda:1
------------Initialization------------
------------Online ActivityPrediction------------
------------Saving Results------------
drift:  0 []
average accuracy:  0.8163396867009046
average fscore:  0.7052151993964738
average consistency:  0.0
total time:  540.6705841820003
Experiment results saved to results/result_prodrift_fr_5k.csv
event_log:prodrift_fr_5k, discovery_algorithm:ILP, prediction_algorithm:LSTM, dynamic_update:True, update_strategy:finetune, apply_constraint:True, use_consistency:True, use_only_conflict_data:True, confidence_threshold:0.5, consistency_alpha:0.75, win_min:300, adwin_threshold:0
torch_device: cuda:1
------------Initialization------------
------------Online ActivityPrediction------------
------------Updating Models------------
------------Updating Models------------
------------Updating Models------------
------------Updating Models------------
------------Updating Models------------
------------Updating Models------------
------------Updating Models------------
------------Saving Results------------
drift:  7 [5992, 6179, 6844, 7091, 7253, 8640, 13378]
average accuracy:  0.8187033972967747
average fscore:  0.7410917990883077
average consistency:  0.0
total time:  558.0534567829964
Experiment results saved to results/result_prodrift_fr_5k.csv
event_log:prodrift_fr_5k, discovery_algorithm:ILP, prediction_algorithm:LSTM, dynamic_update:True, update_strategy:finetune, apply_constraint:True, use_consistency:True, use_only_conflict_data:True, confidence_threshold:0.5, consistency_alpha:0.75, win_min:300, adwin_threshold:0.674
torch_device: cuda:1
------------Initialization------------
------------Online ActivityPrediction------------
------------Saving Results------------
drift:  0 []
average accuracy:  0.8163396867009046
average fscore:  0.7052151993964738
average consistency:  0.0
total time:  572.1476628570017
Experiment results saved to results/result_prodrift_fr_5k.csv
event_log:prodrift_fr_5k, discovery_algorithm:ILP, prediction_algorithm:LSTM, dynamic_update:True, update_strategy:finetune, apply_constraint:True, use_consistency:True, use_only_conflict_data:True, confidence_threshold:0.5, consistency_alpha:0.75, win_min:300, adwin_threshold:1.282
torch_device: cuda:1
------------Initialization------------
------------Online ActivityPrediction------------
------------Saving Results------------
drift:  0 []
average accuracy:  0.8163396867009046
average fscore:  0.7052151993964738
average consistency:  0.0
total time:  541.7450883869969
Experiment results saved to results/result_prodrift_fr_5k.csv
event_log:prodrift_fr_5k, discovery_algorithm:ILP, prediction_algorithm:LSTM, dynamic_update:True, update_strategy:finetune, apply_constraint:True, use_consistency:True, use_only_conflict_data:True, confidence_threshold:0.5, consistency_alpha:0.75, win_min:300, adwin_threshold:1.645
torch_device: cuda:1
------------Initialization------------
------------Online ActivityPrediction------------
------------Saving Results------------
drift:  0 []
average accuracy:  0.8163396867009046
average fscore:  0.7052151993964738
average consistency:  0.0
total time:  529.7738092210056
Experiment results saved to results/result_prodrift_fr_5k.csv
event_log:prodrift_fr_5k, discovery_algorithm:ILP, prediction_algorithm:LSTM, dynamic_update:True, update_strategy:finetune, apply_constraint:True, use_consistency:True, use_only_conflict_data:True, confidence_threshold:0.5, consistency_alpha:0.75, win_min:300, adwin_threshold:2.326
torch_device: cuda:1
------------Initialization------------
------------Online ActivityPrediction------------
------------Saving Results------------
drift:  0 []
average accuracy:  0.8163396867009046
average fscore:  0.7052151993964738
average consistency:  0.0
total time:  539.2515890809882
Experiment results saved to results/result_prodrift_fr_5k.csv
event_log:prodrift_fr_5k, discovery_algorithm:ILP, prediction_algorithm:LSTM, dynamic_update:True, update_strategy:finetune, apply_constraint:True, use_consistency:True, use_only_conflict_data:True, confidence_threshold:0.5, consistency_alpha:0.75, win_min:300, adwin_threshold:2.576
torch_device: cuda:1
------------Initialization------------
------------Online ActivityPrediction------------
------------Saving Results------------
drift:  0 []
average accuracy:  0.8163396867009046
average fscore:  0.7052151993964738
average consistency:  0.0
total time:  533.3352578219929
Experiment results saved to results/result_prodrift_fr_5k.csv
event_log:prodrift_fr_5k, discovery_algorithm:ILP, prediction_algorithm:LSTM, dynamic_update:True, update_strategy:finetune, apply_constraint:True, use_consistency:True, use_only_conflict_data:True, confidence_threshold:0.5, consistency_alpha:0.75, win_min:300, adwin_threshold:3.09
torch_device: cuda:1
------------Initialization------------
------------Online ActivityPrediction------------
------------Saving Results------------
drift:  0 []
average accuracy:  0.8163396867009046
average fscore:  0.7052151993964738
average consistency:  0.0
total time:  533.3125900489977
Experiment results saved to results/result_prodrift_fr_5k.csv
event_log:prodrift_fr_5k, discovery_algorithm:ILP, prediction_algorithm:LSTM, dynamic_update:True, update_strategy:finetune, apply_constraint:True, use_consistency:True, use_only_conflict_data:True, confidence_threshold:0.5, consistency_alpha:1.0, win_min:300, adwin_threshold:0
torch_device: cuda:1
------------Initialization------------
------------Online ActivityPrediction------------
------------Saving Results------------
drift:  0 []
average accuracy:  0.8163396867009046
average fscore:  0.7052151993964738
average consistency:  0.0
total time:  532.1074867449934
Experiment results saved to results/result_prodrift_fr_5k.csv
event_log:prodrift_fr_5k, discovery_algorithm:ILP, prediction_algorithm:LSTM, dynamic_update:True, update_strategy:finetune, apply_constraint:True, use_consistency:True, use_only_conflict_data:True, confidence_threshold:0.5, consistency_alpha:1.0, win_min:300, adwin_threshold:0.674
torch_device: cuda:1
------------Initialization------------
------------Online ActivityPrediction------------
------------Saving Results------------
drift:  0 []
average accuracy:  0.8163396867009046
average fscore:  0.7052151993964738
average consistency:  0.0
total time:  525.643004551006
Experiment results saved to results/result_prodrift_fr_5k.csv
event_log:prodrift_fr_5k, discovery_algorithm:ILP, prediction_algorithm:LSTM, dynamic_update:True, update_strategy:finetune, apply_constraint:True, use_consistency:True, use_only_conflict_data:True, confidence_threshold:0.5, consistency_alpha:1.0, win_min:300, adwin_threshold:1.282
torch_device: cuda:1
------------Initialization------------
------------Online ActivityPrediction------------
------------Saving Results------------
drift:  0 []
average accuracy:  0.8163396867009046
average fscore:  0.7052151993964738
average consistency:  0.0
total time:  540.0262793139991
Experiment results saved to results/result_prodrift_fr_5k.csv
event_log:prodrift_fr_5k, discovery_algorithm:ILP, prediction_algorithm:LSTM, dynamic_update:True, update_strategy:finetune, apply_constraint:True, use_consistency:True, use_only_conflict_data:True, confidence_threshold:0.5, consistency_alpha:1.0, win_min:300, adwin_threshold:1.645
torch_device: cuda:1
------------Initialization------------
------------Online ActivityPrediction------------
------------Saving Results------------
drift:  0 []
average accuracy:  0.8163396867009046
average fscore:  0.7052151993964738
average consistency:  0.0
total time:  509.0286248509947
Experiment results saved to results/result_prodrift_fr_5k.csv
event_log:prodrift_fr_5k, discovery_algorithm:ILP, prediction_algorithm:LSTM, dynamic_update:True, update_strategy:finetune, apply_constraint:True, use_consistency:True, use_only_conflict_data:True, confidence_threshold:0.5, consistency_alpha:1.0, win_min:300, adwin_threshold:2.326
torch_device: cuda:1
------------Initialization------------
------------Online ActivityPrediction------------
------------Saving Results------------
drift:  0 []
average accuracy:  0.8163396867009046
average fscore:  0.7052151993964738
average consistency:  0.0
total time:  544.8337446140067
Experiment results saved to results/result_prodrift_fr_5k.csv
event_log:prodrift_fr_5k, discovery_algorithm:ILP, prediction_algorithm:LSTM, dynamic_update:True, update_strategy:finetune, apply_constraint:True, use_consistency:True, use_only_conflict_data:True, confidence_threshold:0.5, consistency_alpha:1.0, win_min:300, adwin_threshold:2.576
torch_device: cuda:1
------------Initialization------------
------------Online ActivityPrediction------------
------------Saving Results------------
drift:  0 []
average accuracy:  0.8163396867009046
average fscore:  0.7052151993964738
average consistency:  0.0
total time:  527.7584595969965
Experiment results saved to results/result_prodrift_fr_5k.csv
event_log:prodrift_fr_5k, discovery_algorithm:ILP, prediction_algorithm:LSTM, dynamic_update:True, update_strategy:finetune, apply_constraint:True, use_consistency:True, use_only_conflict_data:True, confidence_threshold:0.5, consistency_alpha:1.0, win_min:300, adwin_threshold:3.09
torch_device: cuda:1
------------Initialization------------
------------Online ActivityPrediction------------
------------Saving Results------------
drift:  0 []
average accuracy:  0.8163396867009046
average fscore:  0.7052151993964738
average consistency:  0.0
total time:  505.0463563880039
Experiment results saved to results/result_prodrift_fr_5k.csv
event_log:prodrift_fr_5k, discovery_algorithm:ILP, prediction_algorithm:Transformer, dynamic_update:True, update_strategy:finetune, apply_constraint:True, use_consistency:True, use_only_conflict_data:True, confidence_threshold:0.5, consistency_alpha:0, win_min:300, adwin_threshold:0
torch_device: cuda:1
------------Initialization------------
------------Online ActivityPrediction------------
------------Updating Models------------
------------Updating Models------------
------------Updating Models------------
------------Saving Results------------
drift:  3 [5992, 6854, 14141]
average accuracy:  0.814233835442766
average fscore:  0.7122934873672633
average consistency:  0.0
total time:  886.3565742790088
Experiment results saved to results/result_prodrift_fr_5k.csv
event_log:prodrift_fr_5k, discovery_algorithm:ILP, prediction_algorithm:Transformer, dynamic_update:True, update_strategy:finetune, apply_constraint:True, use_consistency:True, use_only_conflict_data:True, confidence_threshold:0.5, consistency_alpha:0, win_min:300, adwin_threshold:0.674
torch_device: cuda:1
------------Initialization------------
------------Online ActivityPrediction------------
------------Updating Models------------
------------Updating Models------------
------------Updating Models------------
------------Saving Results------------
drift:  3 [5992, 6854, 14141]
average accuracy:  0.814233835442766
average fscore:  0.7122934873672633
average consistency:  0.0
total time:  909.5250140590069
Experiment results saved to results/result_prodrift_fr_5k.csv
event_log:prodrift_fr_5k, discovery_algorithm:ILP, prediction_algorithm:Transformer, dynamic_update:True, update_strategy:finetune, apply_constraint:True, use_consistency:True, use_only_conflict_data:True, confidence_threshold:0.5, consistency_alpha:0, win_min:300, adwin_threshold:1.282
torch_device: cuda:1
------------Initialization------------
------------Online ActivityPrediction------------
------------Saving Results------------
drift:  0 []
average accuracy:  0.8175860068332724
average fscore:  0.724185595939815
average consistency:  0.0
total time:  892.1442996249971
Experiment results saved to results/result_prodrift_fr_5k.csv
event_log:prodrift_fr_5k, discovery_algorithm:ILP, prediction_algorithm:Transformer, dynamic_update:True, update_strategy:finetune, apply_constraint:True, use_consistency:True, use_only_conflict_data:True, confidence_threshold:0.5, consistency_alpha:0, win_min:300, adwin_threshold:1.645
torch_device: cuda:1
------------Initialization------------
------------Online ActivityPrediction------------
------------Saving Results------------
drift:  0 []
average accuracy:  0.8175860068332724
average fscore:  0.724185595939815
average consistency:  0.0
total time:  844.6523670489987
Experiment results saved to results/result_prodrift_fr_5k.csv
event_log:prodrift_fr_5k, discovery_algorithm:ILP, prediction_algorithm:Transformer, dynamic_update:True, update_strategy:finetune, apply_constraint:True, use_consistency:True, use_only_conflict_data:True, confidence_threshold:0.5, consistency_alpha:0, win_min:300, adwin_threshold:2.326
torch_device: cuda:1
------------Initialization------------
------------Online ActivityPrediction------------
------------Saving Results------------
drift:  0 []
average accuracy:  0.8175860068332724
average fscore:  0.724185595939815
average consistency:  0.0
total time:  892.6855041569943
Experiment results saved to results/result_prodrift_fr_5k.csv
event_log:prodrift_fr_5k, discovery_algorithm:ILP, prediction_algorithm:Transformer, dynamic_update:True, update_strategy:finetune, apply_constraint:True, use_consistency:True, use_only_conflict_data:True, confidence_threshold:0.5, consistency_alpha:0, win_min:300, adwin_threshold:2.576
torch_device: cuda:1
------------Initialization------------
------------Online ActivityPrediction------------
------------Saving Results------------
drift:  0 []
average accuracy:  0.8175860068332724
average fscore:  0.724185595939815
average consistency:  0.0
total time:  862.4093408769986
Experiment results saved to results/result_prodrift_fr_5k.csv
event_log:prodrift_fr_5k, discovery_algorithm:ILP, prediction_algorithm:Transformer, dynamic_update:True, update_strategy:finetune, apply_constraint:True, use_consistency:True, use_only_conflict_data:True, confidence_threshold:0.5, consistency_alpha:0, win_min:300, adwin_threshold:3.09
torch_device: cuda:1
------------Initialization------------
------------Online ActivityPrediction------------
------------Saving Results------------
drift:  0 []
average accuracy:  0.8175860068332724
average fscore:  0.724185595939815
average consistency:  0.0
total time:  884.7626112830039
Experiment results saved to results/result_prodrift_fr_5k.csv
event_log:prodrift_fr_5k, discovery_algorithm:ILP, prediction_algorithm:Transformer, dynamic_update:True, update_strategy:finetune, apply_constraint:True, use_consistency:True, use_only_conflict_data:True, confidence_threshold:0.5, consistency_alpha:0.25, win_min:300, adwin_threshold:0
torch_device: cuda:1
------------Initialization------------
------------Online ActivityPrediction------------
------------Updating Models------------
------------Updating Models------------
------------Updating Models------------
------------Saving Results------------
drift:  3 [5992, 6854, 14141]
average accuracy:  0.814233835442766
average fscore:  0.7122934873672633
average consistency:  0.0
total time:  916.9365014450013
Experiment results saved to results/result_prodrift_fr_5k.csv
event_log:prodrift_fr_5k, discovery_algorithm:ILP, prediction_algorithm:Transformer, dynamic_update:True, update_strategy:finetune, apply_constraint:True, use_consistency:True, use_only_conflict_data:True, confidence_threshold:0.5, consistency_alpha:0.25, win_min:300, adwin_threshold:0.674
torch_device: cuda:1
------------Initialization------------
------------Online ActivityPrediction------------
------------Updating Models------------
------------Updating Models------------
------------Saving Results------------
drift:  2 [5993, 8189]
average accuracy:  0.827019360938608
average fscore:  0.701636212762507
average consistency:  0.0
total time:  893.5744209010008
Experiment results saved to results/result_prodrift_fr_5k.csv
event_log:prodrift_fr_5k, discovery_algorithm:ILP, prediction_algorithm:Transformer, dynamic_update:True, update_strategy:finetune, apply_constraint:True, use_consistency:True, use_only_conflict_data:True, confidence_threshold:0.5, consistency_alpha:0.25, win_min:300, adwin_threshold:1.282
torch_device: cuda:1
------------Initialization------------
------------Online ActivityPrediction------------
------------Saving Results------------
drift:  0 []
average accuracy:  0.8175860068332724
average fscore:  0.724185595939815
average consistency:  0.0
total time:  868.5391721549968
Experiment results saved to results/result_prodrift_fr_5k.csv
event_log:prodrift_fr_5k, discovery_algorithm:ILP, prediction_algorithm:Transformer, dynamic_update:True, update_strategy:finetune, apply_constraint:True, use_consistency:True, use_only_conflict_data:True, confidence_threshold:0.5, consistency_alpha:0.25, win_min:300, adwin_threshold:1.645
torch_device: cuda:1
------------Initialization------------
------------Online ActivityPrediction------------
------------Saving Results------------
drift:  0 []
average accuracy:  0.8175860068332724
average fscore:  0.724185595939815
average consistency:  0.0
total time:  859.4935127089993
Experiment results saved to results/result_prodrift_fr_5k.csv
event_log:prodrift_fr_5k, discovery_algorithm:ILP, prediction_algorithm:Transformer, dynamic_update:True, update_strategy:finetune, apply_constraint:True, use_consistency:True, use_only_conflict_data:True, confidence_threshold:0.5, consistency_alpha:0.25, win_min:300, adwin_threshold:2.326
torch_device: cuda:1
------------Initialization------------
------------Online ActivityPrediction------------
------------Saving Results------------
drift:  0 []
average accuracy:  0.8175860068332724
average fscore:  0.724185595939815
average consistency:  0.0
total time:  888.784558542
Experiment results saved to results/result_prodrift_fr_5k.csv
event_log:prodrift_fr_5k, discovery_algorithm:ILP, prediction_algorithm:Transformer, dynamic_update:True, update_strategy:finetune, apply_constraint:True, use_consistency:True, use_only_conflict_data:True, confidence_threshold:0.5, consistency_alpha:0.25, win_min:300, adwin_threshold:2.576
torch_device: cuda:1
------------Initialization------------
------------Online ActivityPrediction------------
------------Saving Results------------
drift:  0 []
average accuracy:  0.8175860068332724
average fscore:  0.724185595939815
average consistency:  0.0
total time:  886.7800976489962
Experiment results saved to results/result_prodrift_fr_5k.csv
event_log:prodrift_fr_5k, discovery_algorithm:ILP, prediction_algorithm:Transformer, dynamic_update:True, update_strategy:finetune, apply_constraint:True, use_consistency:True, use_only_conflict_data:True, confidence_threshold:0.5, consistency_alpha:0.25, win_min:300, adwin_threshold:3.09
torch_device: cuda:1
------------Initialization------------
------------Online ActivityPrediction------------
------------Saving Results------------
drift:  0 []
average accuracy:  0.8175860068332724
average fscore:  0.724185595939815
average consistency:  0.0
total time:  881.8263041640021
Experiment results saved to results/result_prodrift_fr_5k.csv
event_log:prodrift_fr_5k, discovery_algorithm:ILP, prediction_algorithm:Transformer, dynamic_update:True, update_strategy:finetune, apply_constraint:True, use_consistency:True, use_only_conflict_data:True, confidence_threshold:0.5, consistency_alpha:0.5, win_min:300, adwin_threshold:0
torch_device: cuda:1
------------Initialization------------
------------Online ActivityPrediction------------
------------Updating Models------------
------------Updating Models------------
------------Updating Models------------
------------Saving Results------------
drift:  3 [5992, 6854, 14141]
average accuracy:  0.814233835442766
average fscore:  0.7122934873672633
average consistency:  0.0
total time:  914.5152336159954
Experiment results saved to results/result_prodrift_fr_5k.csv
event_log:prodrift_fr_5k, discovery_algorithm:ILP, prediction_algorithm:Transformer, dynamic_update:True, update_strategy:finetune, apply_constraint:True, use_consistency:True, use_only_conflict_data:True, confidence_threshold:0.5, consistency_alpha:0.5, win_min:300, adwin_threshold:0.674
torch_device: cuda:1
------------Initialization------------
------------Online ActivityPrediction------------
------------Updating Models------------
------------Updating Models------------
------------Saving Results------------
drift:  2 [6000, 8537]
average accuracy:  0.8268904312697424
average fscore:  0.7016656124253755
average consistency:  0.0
total time:  904.4008911569981
Experiment results saved to results/result_prodrift_fr_5k.csv
event_log:prodrift_fr_5k, discovery_algorithm:ILP, prediction_algorithm:Transformer, dynamic_update:True, update_strategy:finetune, apply_constraint:True, use_consistency:True, use_only_conflict_data:True, confidence_threshold:0.5, consistency_alpha:0.5, win_min:300, adwin_threshold:1.282
torch_device: cuda:1
------------Initialization------------
------------Online ActivityPrediction------------
------------Saving Results------------
drift:  0 []
average accuracy:  0.8175860068332724
average fscore:  0.724185595939815
average consistency:  0.0
total time:  883.9424830060016
Experiment results saved to results/result_prodrift_fr_5k.csv
event_log:prodrift_fr_5k, discovery_algorithm:ILP, prediction_algorithm:Transformer, dynamic_update:True, update_strategy:finetune, apply_constraint:True, use_consistency:True, use_only_conflict_data:True, confidence_threshold:0.5, consistency_alpha:0.5, win_min:300, adwin_threshold:1.645
torch_device: cuda:1
------------Initialization------------
------------Online ActivityPrediction------------
------------Saving Results------------
drift:  0 []
average accuracy:  0.8175860068332724
average fscore:  0.724185595939815
average consistency:  0.0
total time:  897.4550904159987
Experiment results saved to results/result_prodrift_fr_5k.csv
event_log:prodrift_fr_5k, discovery_algorithm:ILP, prediction_algorithm:Transformer, dynamic_update:True, update_strategy:finetune, apply_constraint:True, use_consistency:True, use_only_conflict_data:True, confidence_threshold:0.5, consistency_alpha:0.5, win_min:300, adwin_threshold:2.326
torch_device: cuda:1
------------Initialization------------
------------Online ActivityPrediction------------
------------Saving Results------------
drift:  0 []
average accuracy:  0.8175860068332724
average fscore:  0.724185595939815
average consistency:  0.0
total time:  883.8954351239954
Experiment results saved to results/result_prodrift_fr_5k.csv
event_log:prodrift_fr_5k, discovery_algorithm:ILP, prediction_algorithm:Transformer, dynamic_update:True, update_strategy:finetune, apply_constraint:True, use_consistency:True, use_only_conflict_data:True, confidence_threshold:0.5, consistency_alpha:0.5, win_min:300, adwin_threshold:2.576
torch_device: cuda:1
------------Initialization------------
------------Online ActivityPrediction------------
------------Saving Results------------
drift:  0 []
average accuracy:  0.8175860068332724
average fscore:  0.724185595939815
average consistency:  0.0
total time:  905.0310660619871
Experiment results saved to results/result_prodrift_fr_5k.csv
event_log:prodrift_fr_5k, discovery_algorithm:ILP, prediction_algorithm:Transformer, dynamic_update:True, update_strategy:finetune, apply_constraint:True, use_consistency:True, use_only_conflict_data:True, confidence_threshold:0.5, consistency_alpha:0.5, win_min:300, adwin_threshold:3.09
torch_device: cuda:1
------------Initialization------------
------------Online ActivityPrediction------------
------------Saving Results------------
drift:  0 []
average accuracy:  0.8175860068332724
average fscore:  0.724185595939815
average consistency:  0.0
total time:  865.1818306890054
Experiment results saved to results/result_prodrift_fr_5k.csv
event_log:prodrift_fr_5k, discovery_algorithm:ILP, prediction_algorithm:Transformer, dynamic_update:True, update_strategy:finetune, apply_constraint:True, use_consistency:True, use_only_conflict_data:True, confidence_threshold:0.5, consistency_alpha:0.75, win_min:300, adwin_threshold:0
torch_device: cuda:1
------------Initialization------------
------------Online ActivityPrediction------------
------------Updating Models------------
------------Updating Models------------
------------Updating Models------------
------------Saving Results------------
drift:  3 [5992, 6854, 14141]
average accuracy:  0.814233835442766
average fscore:  0.7122934873672633
average consistency:  0.0
total time:  948.775658633007
Experiment results saved to results/result_prodrift_fr_5k.csv
event_log:prodrift_fr_5k, discovery_algorithm:ILP, prediction_algorithm:Transformer, dynamic_update:True, update_strategy:finetune, apply_constraint:True, use_consistency:True, use_only_conflict_data:True, confidence_threshold:0.5, consistency_alpha:0.75, win_min:300, adwin_threshold:0.674
torch_device: cuda:1
------------Initialization------------
------------Online ActivityPrediction------------
------------Saving Results------------
drift:  0 []
average accuracy:  0.8175860068332724
average fscore:  0.724185595939815
average consistency:  0.0
total time:  864.1224446419947
Experiment results saved to results/result_prodrift_fr_5k.csv
event_log:prodrift_fr_5k, discovery_algorithm:ILP, prediction_algorithm:Transformer, dynamic_update:True, update_strategy:finetune, apply_constraint:True, use_consistency:True, use_only_conflict_data:True, confidence_threshold:0.5, consistency_alpha:0.75, win_min:300, adwin_threshold:1.282
torch_device: cuda:1
------------Initialization------------
------------Online ActivityPrediction------------
------------Saving Results------------
drift:  0 []
average accuracy:  0.8175860068332724
average fscore:  0.724185595939815
average consistency:  0.0
total time:  886.1614154650015
Experiment results saved to results/result_prodrift_fr_5k.csv
event_log:prodrift_fr_5k, discovery_algorithm:ILP, prediction_algorithm:Transformer, dynamic_update:True, update_strategy:finetune, apply_constraint:True, use_consistency:True, use_only_conflict_data:True, confidence_threshold:0.5, consistency_alpha:0.75, win_min:300, adwin_threshold:1.645
torch_device: cuda:1
------------Initialization------------
------------Online ActivityPrediction------------
------------Saving Results------------
drift:  0 []
average accuracy:  0.8175860068332724
average fscore:  0.724185595939815
average consistency:  0.0
total time:  862.4937707009958
Experiment results saved to results/result_prodrift_fr_5k.csv
event_log:prodrift_fr_5k, discovery_algorithm:ILP, prediction_algorithm:Transformer, dynamic_update:True, update_strategy:finetune, apply_constraint:True, use_consistency:True, use_only_conflict_data:True, confidence_threshold:0.5, consistency_alpha:0.75, win_min:300, adwin_threshold:2.326
torch_device: cuda:1
------------Initialization------------
------------Online ActivityPrediction------------
------------Saving Results------------
drift:  0 []
average accuracy:  0.8175860068332724
average fscore:  0.724185595939815
average consistency:  0.0
total time:  871.8877044830006
Experiment results saved to results/result_prodrift_fr_5k.csv
event_log:prodrift_fr_5k, discovery_algorithm:ILP, prediction_algorithm:Transformer, dynamic_update:True, update_strategy:finetune, apply_constraint:True, use_consistency:True, use_only_conflict_data:True, confidence_threshold:0.5, consistency_alpha:0.75, win_min:300, adwin_threshold:2.576
torch_device: cuda:1
------------Initialization------------
------------Online ActivityPrediction------------
------------Saving Results------------
drift:  0 []
average accuracy:  0.8175860068332724
average fscore:  0.724185595939815
average consistency:  0.0
total time:  883.660787743007
Experiment results saved to results/result_prodrift_fr_5k.csv
event_log:prodrift_fr_5k, discovery_algorithm:ILP, prediction_algorithm:Transformer, dynamic_update:True, update_strategy:finetune, apply_constraint:True, use_consistency:True, use_only_conflict_data:True, confidence_threshold:0.5, consistency_alpha:0.75, win_min:300, adwin_threshold:3.09
torch_device: cuda:1
------------Initialization------------
------------Online ActivityPrediction------------
------------Saving Results------------
drift:  0 []
average accuracy:  0.8175860068332724
average fscore:  0.724185595939815
average consistency:  0.0
total time:  855.1028021870006
Experiment results saved to results/result_prodrift_fr_5k.csv
event_log:prodrift_fr_5k, discovery_algorithm:ILP, prediction_algorithm:Transformer, dynamic_update:True, update_strategy:finetune, apply_constraint:True, use_consistency:True, use_only_conflict_data:True, confidence_threshold:0.5, consistency_alpha:1.0, win_min:300, adwin_threshold:0
torch_device: cuda:1
------------Initialization------------
------------Online ActivityPrediction------------
------------Saving Results------------
drift:  0 []
average accuracy:  0.8175860068332724
average fscore:  0.724185595939815
average consistency:  0.0
total time:  898.8297554190067
Experiment results saved to results/result_prodrift_fr_5k.csv
event_log:prodrift_fr_5k, discovery_algorithm:ILP, prediction_algorithm:Transformer, dynamic_update:True, update_strategy:finetune, apply_constraint:True, use_consistency:True, use_only_conflict_data:True, confidence_threshold:0.5, consistency_alpha:1.0, win_min:300, adwin_threshold:0.674
torch_device: cuda:1
------------Initialization------------
------------Online ActivityPrediction------------
------------Saving Results------------
drift:  0 []
average accuracy:  0.8175860068332724
average fscore:  0.724185595939815
average consistency:  0.0
total time:  875.1206056210067
Experiment results saved to results/result_prodrift_fr_5k.csv
event_log:prodrift_fr_5k, discovery_algorithm:ILP, prediction_algorithm:Transformer, dynamic_update:True, update_strategy:finetune, apply_constraint:True, use_consistency:True, use_only_conflict_data:True, confidence_threshold:0.5, consistency_alpha:1.0, win_min:300, adwin_threshold:1.282
torch_device: cuda:1
------------Initialization------------
------------Online ActivityPrediction------------
------------Saving Results------------
drift:  0 []
average accuracy:  0.8175860068332724
average fscore:  0.724185595939815
average consistency:  0.0
total time:  863.4664802810003
Experiment results saved to results/result_prodrift_fr_5k.csv
event_log:prodrift_fr_5k, discovery_algorithm:ILP, prediction_algorithm:Transformer, dynamic_update:True, update_strategy:finetune, apply_constraint:True, use_consistency:True, use_only_conflict_data:True, confidence_threshold:0.5, consistency_alpha:1.0, win_min:300, adwin_threshold:1.645
torch_device: cuda:1
------------Initialization------------
------------Online ActivityPrediction------------
------------Saving Results------------
drift:  0 []
average accuracy:  0.8175860068332724
average fscore:  0.724185595939815
average consistency:  0.0
total time:  867.4802334080014
Experiment results saved to results/result_prodrift_fr_5k.csv
event_log:prodrift_fr_5k, discovery_algorithm:ILP, prediction_algorithm:Transformer, dynamic_update:True, update_strategy:finetune, apply_constraint:True, use_consistency:True, use_only_conflict_data:True, confidence_threshold:0.5, consistency_alpha:1.0, win_min:300, adwin_threshold:2.326
torch_device: cuda:1
------------Initialization------------
------------Online ActivityPrediction------------
------------Saving Results------------
drift:  0 []
average accuracy:  0.8175860068332724
average fscore:  0.724185595939815
average consistency:  0.0
total time:  828.7947500090086
Experiment results saved to results/result_prodrift_fr_5k.csv
event_log:prodrift_fr_5k, discovery_algorithm:ILP, prediction_algorithm:Transformer, dynamic_update:True, update_strategy:finetune, apply_constraint:True, use_consistency:True, use_only_conflict_data:True, confidence_threshold:0.5, consistency_alpha:1.0, win_min:300, adwin_threshold:2.576
torch_device: cuda:1
------------Initialization------------
------------Online ActivityPrediction------------
------------Saving Results------------
drift:  0 []
average accuracy:  0.8175860068332724
average fscore:  0.724185595939815
average consistency:  0.0
total time:  797.6567260129959
Experiment results saved to results/result_prodrift_fr_5k.csv
event_log:prodrift_fr_5k, discovery_algorithm:ILP, prediction_algorithm:Transformer, dynamic_update:True, update_strategy:finetune, apply_constraint:True, use_consistency:True, use_only_conflict_data:True, confidence_threshold:0.5, consistency_alpha:1.0, win_min:300, adwin_threshold:3.09
torch_device: cuda:1
------------Initialization------------
------------Online ActivityPrediction------------
------------Saving Results------------
drift:  0 []
average accuracy:  0.8175860068332724
average fscore:  0.724185595939815
average consistency:  0.0
total time:  823.7649163790047
Experiment results saved to results/result_prodrift_fr_5k.csv
