nohup: 忽略输入
torch_device: cuda:0
Processing event log: Receipt
event_log:Receipt, discovery_algorithm:IND, prediction_algorithm:LSTM, dynamic_update:True, update_strategy:finetune, apply_constraint:True, use_consistency:True, use_only_conflict_data:False, confidence_threshold:0.5, consistency_alpha:0, adwin_min:300, adwin_threshold:0.05
------------Initialization------------
------------Online ActivityPrediction------------
------------Updating Models------------
update activity num:  27  ->  28
------------Updating Models------------
------------Updating Models------------
------------Updating Models------------
------------Updating Models------------
------------Updating Models------------
update activity num:  28  ->  29
------------Updating Models------------
------------Updating Models------------
------------Updating Models------------
------------Updating Models------------
update activity num:  29  ->  30
------------Updating Models------------
------------Updating Models------------
------------Updating Models------------
------------Updating Models------------
------------Updating Models------------
------------Updating Models------------
------------Updating Models------------
------------Updating Models------------
------------Updating Models------------
------------Updating Models------------
------------Updating Models------------
------------Updating Models------------
------------Updating Models------------
------------Saving Results------------
drift:  23 [1388, 1543, 2149, 2305, 3471, 4461, 4601, 5181, 5625, 5629, 5732, 5909, 6086, 6279, 6756, 6775, 6948, 7124, 7358, 7502, 7676, 7850, 8023]
average accuracy:  0.8526820419797875
average fscore:  0.391882754197556
average consistency:  0.8526820419797875
total time:  70.750109445
Experiment results saved to results/result_Receipt.csv
New best accuracy: 0.8526820419797875
event_log:Receipt, discovery_algorithm:IND, prediction_algorithm:LSTM, dynamic_update:True, update_strategy:finetune, apply_constraint:True, use_consistency:True, use_only_conflict_data:False, confidence_threshold:0.5, consistency_alpha:0.1, adwin_min:300, adwin_threshold:0.05
------------Initialization------------
------------Online ActivityPrediction------------
------------Updating Models------------
update activity num:  27  ->  28
------------Updating Models------------
------------Updating Models------------
------------Updating Models------------
------------Updating Models------------
update activity num:  28  ->  29
------------Updating Models------------
------------Updating Models------------
------------Updating Models------------
update activity num:  29  ->  30
------------Updating Models------------
------------Updating Models------------
------------Updating Models------------
------------Updating Models------------
------------Updating Models------------
------------Updating Models------------
------------Updating Models------------
------------Updating Models------------
------------Updating Models------------
------------Updating Models------------
------------Updating Models------------
------------Updating Models------------
------------Updating Models------------
------------Updating Models------------
------------Updating Models------------
------------Saving Results------------
drift:  23 [1388, 1543, 2934, 3318, 4521, 4642, 5050, 5637, 5726, 5903, 6302, 6380, 6756, 6821, 6995, 7172, 7817, 8162, 8595, 8772, 8973, 9547, 9926]
average accuracy:  0.8552733868877948
average fscore:  0.3973429705798409
average consistency:  0.8619720134749935
total time:  79.92000998099999
Experiment results saved to results/result_Receipt.csv
New best accuracy: 0.8552733868877948
event_log:Receipt, discovery_algorithm:IND, prediction_algorithm:LSTM, dynamic_update:True, update_strategy:finetune, apply_constraint:True, use_consistency:True, use_only_conflict_data:False, confidence_threshold:0.5, consistency_alpha:0.2, adwin_min:300, adwin_threshold:0.05
------------Initialization------------
------------Online ActivityPrediction------------
------------Updating Models------------
update activity num:  27  ->  28
------------Updating Models------------
------------Updating Models------------
------------Saving Results------------
drift:  3 [1389, 1545, 2938]
average accuracy:  0.8614926146670122
average fscore:  0.40154290843018187
average consistency:  0.8580461259393625
total time:  48.816629957
Experiment results saved to results/result_Receipt.csv
New best accuracy: 0.8614926146670122
event_log:Receipt, discovery_algorithm:IND, prediction_algorithm:LSTM, dynamic_update:True, update_strategy:finetune, apply_constraint:True, use_consistency:True, use_only_conflict_data:False, confidence_threshold:0.5, consistency_alpha:0.3, adwin_min:300, adwin_threshold:0.05
------------Initialization------------
------------Online ActivityPrediction------------
------------Updating Models------------
update activity num:  27  ->  28
------------Updating Models------------
------------Updating Models------------
------------Updating Models------------
------------Updating Models------------
------------Updating Models------------
------------Updating Models------------
------------Updating Models------------
------------Saving Results------------
drift:  8 [1399, 1646, 1770, 2136, 2213, 2395, 2559, 2740]
average accuracy:  0.8519046385073853
average fscore:  0.3633298055584273
average consistency:  0.8458408914226483
total time:  52.512891611000015
Experiment results saved to results/result_Receipt.csv
event_log:Receipt, discovery_algorithm:IND, prediction_algorithm:LSTM, dynamic_update:True, update_strategy:finetune, apply_constraint:True, use_consistency:True, use_only_conflict_data:False, confidence_threshold:0.5, consistency_alpha:0.4, adwin_min:300, adwin_threshold:0.05
------------Initialization------------
------------Online ActivityPrediction------------
------------Updating Models------------
update activity num:  27  ->  28
------------Saving Results------------
drift:  1 [1519]
average accuracy:  0.8388183467219487
average fscore:  0.2792999612494335
average consistency:  0.8313552733868877
total time:  46.65464203199997
Experiment results saved to results/result_Receipt.csv
event_log:Receipt, discovery_algorithm:IND, prediction_algorithm:LSTM, dynamic_update:True, update_strategy:finetune, apply_constraint:True, use_consistency:True, use_only_conflict_data:False, confidence_threshold:0.5, consistency_alpha:0.5, adwin_min:300, adwin_threshold:0.05
------------Initialization------------
------------Online ActivityPrediction------------
------------Saving Results------------
drift:  0 []
average accuracy:  0.7425498833894791
average fscore:  0.3378981122481792
average consistency:  0.7930811090956206
total time:  76.323314192
Experiment results saved to results/result_Receipt.csv
event_log:Receipt, discovery_algorithm:IND, prediction_algorithm:LSTM, dynamic_update:True, update_strategy:finetune, apply_constraint:True, use_consistency:True, use_only_conflict_data:False, confidence_threshold:0.5, consistency_alpha:0.6, adwin_min:300, adwin_threshold:0.05
------------Initialization------------
------------Online ActivityPrediction------------
------------Saving Results------------
drift:  0 []
average accuracy:  0.7371080590826639
average fscore:  0.3431165094175566
average consistency:  0.8010106245141229
total time:  77.16940050599999
Experiment results saved to results/result_Receipt.csv
event_log:Receipt, discovery_algorithm:IND, prediction_algorithm:LSTM, dynamic_update:True, update_strategy:finetune, apply_constraint:True, use_consistency:True, use_only_conflict_data:False, confidence_threshold:0.5, consistency_alpha:0.7, adwin_min:300, adwin_threshold:0.05
------------Initialization------------
------------Online ActivityPrediction------------
------------Saving Results------------
drift:  0 []
average accuracy:  0.7395698367452708
average fscore:  0.3265365408840297
average consistency:  0.8123995853848147
total time:  76.08063823599997
Experiment results saved to results/result_Receipt.csv
event_log:Receipt, discovery_algorithm:IND, prediction_algorithm:LSTM, dynamic_update:True, update_strategy:finetune, apply_constraint:True, use_consistency:True, use_only_conflict_data:False, confidence_threshold:0.5, consistency_alpha:0.8, adwin_min:300, adwin_threshold:0.05/home/inspur/anaconda3/envs/coap/lib/python3.12/site-packages/torch/nn/modules/transformer.py:508: UserWarning: The PyTorch API of nested tensors is in prototype stage and will change in the near future. We recommend specifying layout=torch.jagged when constructing a nested tensor, as this layout receives active development, has better operator coverage, and works with torch.compile. (Triggered internally at /pytorch/aten/src/ATen/NestedTensorImpl.cpp:178.)
  output = torch._nested_tensor_from_mask(

------------Initialization------------
------------Online ActivityPrediction------------
------------Saving Results------------
drift:  0 []
average accuracy:  0.7395698367452708
average fscore:  0.2968795651610091
average consistency:  0.8228038351904639
total time:  74.56494096900008
Experiment results saved to results/result_Receipt.csv
event_log:Receipt, discovery_algorithm:IND, prediction_algorithm:LSTM, dynamic_update:True, update_strategy:finetune, apply_constraint:True, use_consistency:True, use_only_conflict_data:False, confidence_threshold:0.5, consistency_alpha:0.9, adwin_min:300, adwin_threshold:0.05
------------Initialization------------
------------Online ActivityPrediction------------
------------Updating Models------------
update activity num:  27  ->  28
------------Updating Models------------
------------Updating Models------------
------------Updating Models------------
------------Updating Models------------
------------Updating Models------------
------------Updating Models------------
------------Updating Models------------
------------Updating Models------------
------------Saving Results------------
drift:  9 [1459, 1581, 1758, 2140, 2210, 2391, 2554, 2736, 2913]
average accuracy:  0.8415392588753563
average fscore:  0.3878303301395577
average consistency:  0.8249805649131899
total time:  53.60004138900001
Experiment results saved to results/result_Receipt.csv
event_log:Receipt, discovery_algorithm:IND, prediction_algorithm:LSTM, dynamic_update:True, update_strategy:finetune, apply_constraint:True, use_consistency:True, use_only_conflict_data:False, confidence_threshold:0.5, consistency_alpha:1, adwin_min:300, adwin_threshold:0.05
------------Initialization------------
------------Online ActivityPrediction------------
------------Updating Models------------
update activity num:  27  ->  28
------------Updating Models------------
------------Updating Models------------
------------Updating Models------------
------------Updating Models------------
------------Updating Models------------
------------Updating Models------------
------------Updating Models------------
------------Saving Results------------
drift:  8 [1433, 1569, 1745, 1914, 2119, 2279, 2455, 2629]
average accuracy:  0.8465923814459705
average fscore:  0.2609895118035639
average consistency:  0.9317180616740088
total time:  50.36005706100002
Experiment results saved to results/result_Receipt.csv
event_log:Receipt, discovery_algorithm:IND, prediction_algorithm:Transformer, dynamic_update:True, update_strategy:finetune, apply_constraint:True, use_consistency:True, use_only_conflict_data:False, confidence_threshold:0.5, consistency_alpha:0, adwin_min:300, adwin_threshold:0.05
------------Initialization------------
------------Online ActivityPrediction------------
------------Updating Models------------
update activity num:  27  ->  28
------------Updating Models------------
------------Updating Models------------
------------Updating Models------------
------------Updating Models------------
update activity num:  28  ->  29
------------Updating Models------------
------------Updating Models------------
------------Updating Models------------
------------Updating Models------------
------------Updating Models------------
update activity num:  29  ->  30
------------Updating Models------------
------------Updating Models------------
------------Updating Models------------
------------Updating Models------------
------------Updating Models------------
------------Updating Models------------
------------Updating Models------------
------------Updating Models------------
------------Updating Models------------
------------Updating Models------------
------------Updating Models------------
------------Saving Results------------
drift:  21 [1389, 1545, 2943, 3317, 4604, 5054, 5185, 5354, 5527, 5701, 5878, 6230, 6334, 6749, 6795, 6969, 7144, 7397, 7567, 7723, 7954]
average accuracy:  0.8572168955688002
average fscore:  0.4255222569873321
average consistency:  0.8572168955688002
total time:  133.538281062
Experiment results saved to results/result_Receipt.csv
event_log:Receipt, discovery_algorithm:IND, prediction_algorithm:Transformer, dynamic_update:True, update_strategy:finetune, apply_constraint:True, use_consistency:True, use_only_conflict_data:False, confidence_threshold:0.5, consistency_alpha:0.1, adwin_min:300, adwin_threshold:0.05
------------Initialization------------
------------Online ActivityPrediction------------
------------Updating Models------------
update activity num:  27  ->  28
------------Updating Models------------
------------Updating Models------------
------------Updating Models------------
------------Updating Models------------
------------Updating Models------------
------------Updating Models------------
------------Updating Models------------
------------Saving Results------------
drift:  8 [1398, 1550, 1758, 2149, 2206, 2387, 2631, 2954]
average accuracy:  0.8463332469551698
average fscore:  0.40606033722461
average consistency:  0.8455947136563877
total time:  98.08007583099993
Experiment results saved to results/result_Receipt.csv
event_log:Receipt, discovery_algorithm:IND, prediction_algorithm:Transformer, dynamic_update:True, update_strategy:finetune, apply_constraint:True, use_consistency:True, use_only_conflict_data:False, confidence_threshold:0.5, consistency_alpha:0.2, adwin_min:300, adwin_threshold:0.05
------------Initialization------------
------------Online ActivityPrediction------------
------------Updating Models------------
update activity num:  27  ->  28
------------Updating Models------------
------------Updating Models------------
------------Updating Models------------
update activity num:  28  ->  29
------------Saving Results------------
drift:  4 [1413, 1559, 2929, 5159]
average accuracy:  0.8595491059860068
average fscore:  0.4079425021305157
average consistency:  0.8732314071002851
total time:  114.35863288200005
Experiment results saved to results/result_Receipt.csv
event_log:Receipt, discovery_algorithm:IND, prediction_algorithm:Transformer, dynamic_update:True, update_strategy:finetune, apply_constraint:True, use_consistency:True, use_only_conflict_data:False, confidence_threshold:0.5, consistency_alpha:0.3, adwin_min:300, adwin_threshold:0.05
------------Initialization------------
------------Online ActivityPrediction------------
------------Updating Models------------
update activity num:  27  ->  28
------------Updating Models------------
------------Updating Models------------
------------Saving Results------------
drift:  3 [1431, 1615, 2856]
average accuracy:  0.852163772998186
average fscore:  0.37979180412329244
average consistency:  0.8520471624773258
total time:  94.14178919100004
Experiment results saved to results/result_Receipt.csv
event_log:Receipt, discovery_algorithm:IND, prediction_algorithm:Transformer, dynamic_update:True, update_strategy:finetune, apply_constraint:True, use_consistency:True, use_only_conflict_data:False, confidence_threshold:0.5, consistency_alpha:0.4, adwin_min:300, adwin_threshold:0.05
------------Initialization------------
------------Online ActivityPrediction------------
------------Saving Results------------
drift:  0 []
average accuracy:  0.7503239181135009
average fscore:  0.3794523496472666
average consistency:  0.7876392847888054
total time:  110.91423727400002
Experiment results saved to results/result_Receipt.csv
event_log:Receipt, discovery_algorithm:IND, prediction_algorithm:Transformer, dynamic_update:True, update_strategy:finetune, apply_constraint:True, use_consistency:True, use_only_conflict_data:False, confidence_threshold:0.5, consistency_alpha:0.5, adwin_min:300, adwin_threshold:0.05
------------Initialization------------
------------Online ActivityPrediction------------
------------Saving Results------------
drift:  0 []
average accuracy:  0.7465664679968904
average fscore:  0.4008668013239963
average consistency:  0.7950894013993263
total time:  111.39455813599989
Experiment results saved to results/result_Receipt.csv
event_log:Receipt, discovery_algorithm:IND, prediction_algorithm:Transformer, dynamic_update:True, update_strategy:finetune, apply_constraint:True, use_consistency:True, use_only_conflict_data:False, confidence_threshold:0.5, consistency_alpha:0.6, adwin_min:300, adwin_threshold:0.05
------------Initialization------------
------------Online ActivityPrediction------------
------------Saving Results------------
drift:  0 []
average accuracy:  0.7520082923037056
average fscore:  0.3776606867194576
average consistency:  0.8069707178025395
total time:  113.66468028999998
Experiment results saved to results/result_Receipt.csv
event_log:Receipt, discovery_algorithm:IND, prediction_algorithm:Transformer, dynamic_update:True, update_strategy:finetune, apply_constraint:True, use_consistency:True, use_only_conflict_data:False, confidence_threshold:0.5, consistency_alpha:0.7, adwin_min:300, adwin_threshold:0.05
------------Initialization------------
------------Online ActivityPrediction------------
------------Saving Results------------
drift:  0 []
average accuracy:  0.7487691111686966
average fscore:  0.38377378380843086
average consistency:  0.8151593677118424
total time:  114.85231992499985
Experiment results saved to results/result_Receipt.csv
event_log:Receipt, discovery_algorithm:IND, prediction_algorithm:Transformer, dynamic_update:True, update_strategy:finetune, apply_constraint:True, use_consistency:True, use_only_conflict_data:False, confidence_threshold:0.5, consistency_alpha:0.8, adwin_min:300, adwin_threshold:0.05
------------Initialization------------
------------Online ActivityPrediction------------
------------Saving Results------------
drift:  0 []
average accuracy:  0.7468256024876911
average fscore:  0.3880607189507534
average consistency:  0.824254988338948
total time:  111.4633998679999
Experiment results saved to results/result_Receipt.csv
event_log:Receipt, discovery_algorithm:IND, prediction_algorithm:Transformer, dynamic_update:True, update_strategy:finetune, apply_constraint:True, use_consistency:True, use_only_conflict_data:False, confidence_threshold:0.5, consistency_alpha:0.9, adwin_min:300, adwin_threshold:0.05
------------Initialization------------
------------Online ActivityPrediction------------
------------Updating Models------------
update activity num:  27  ->  28
------------Updating Models------------
------------Updating Models------------
------------Updating Models------------
------------Updating Models------------
------------Updating Models------------
------------Updating Models------------
------------Updating Models------------
------------Updating Models------------
------------Saving Results------------
drift:  9 [1453, 1578, 1754, 2140, 2208, 2389, 2552, 2733, 2911]
average accuracy:  0.8424462295931588
average fscore:  0.3939171529545693
average consistency:  0.8331173879243328
total time:  100.260267957
Experiment results saved to results/result_Receipt.csv
event_log:Receipt, discovery_algorithm:IND, prediction_algorithm:Transformer, dynamic_update:True, update_strategy:finetune, apply_constraint:True, use_consistency:True, use_only_conflict_data:False, confidence_threshold:0.5, consistency_alpha:1, adwin_min:300, adwin_threshold:0.05
------------Initialization------------
------------Online ActivityPrediction------------
------------Updating Models------------
update activity num:  27  ->  28
------------Updating Models------------
------------Updating Models------------
------------Updating Models------------
------------Updating Models------------
------------Updating Models------------
------------Updating Models------------
------------Updating Models------------
------------Saving Results------------
drift:  8 [1433, 1569, 1745, 1914, 2119, 2279, 2455, 2629]
average accuracy:  0.8546255506607929
average fscore:  0.3354323359319688
average consistency:  0.9317180616740088
total time:  94.70710454999994
Experiment results saved to results/result_Receipt.csv
event_log:Receipt, discovery_algorithm:ILP, prediction_algorithm:LSTM, dynamic_update:True, update_strategy:finetune, apply_constraint:True, use_consistency:True, use_only_conflict_data:False, confidence_threshold:0.5, consistency_alpha:0, adwin_min:300, adwin_threshold:0.05
------------Initialization------------
------------Online ActivityPrediction------------
------------Updating Models------------
update activity num:  27  ->  28
------------Updating Models------------
------------Updating Models------------
------------Updating Models------------
------------Updating Models------------
------------Updating Models------------
------------Updating Models------------
------------Updating Models------------
update activity num:  28  ->  29
------------Updating Models------------
------------Updating Models------------
update activity num:  29  ->  30
------------Updating Models------------
------------Updating Models------------
------------Updating Models------------
------------Updating Models------------
------------Updating Models------------
------------Updating Models------------
------------Updating Models------------
------------Updating Models------------
------------Updating Models------------
------------Saving Results------------
drift:  19 [1381, 1539, 1811, 2026, 2155, 2334, 2536, 4405, 4717, 5655, 5867, 6014, 6263, 7189, 7404, 7425, 7568, 7741, 7961]
average accuracy:  0.8522933402435864
average fscore:  0.38831682730783657
average consistency:  0.8522933402435864
total time:  86.4235265809998
Experiment results saved to results/result_Receipt.csv
event_log:Receipt, discovery_algorithm:ILP, prediction_algorithm:LSTM, dynamic_update:True, update_strategy:finetune, apply_constraint:True, use_consistency:True, use_only_conflict_data:False, confidence_threshold:0.5, consistency_alpha:0.1, adwin_min:300, adwin_threshold:0.05
------------Initialization------------
------------Online ActivityPrediction------------
------------Updating Models------------
update activity num:  27  ->  28
------------Updating Models------------
------------Updating Models------------
------------Updating Models------------
------------Updating Models------------
update activity num:  28  ->  29
------------Updating Models------------
------------Updating Models------------
------------Updating Models------------
update activity num:  29  ->  30
------------Updating Models------------
------------Updating Models------------
------------Updating Models------------
------------Updating Models------------
------------Saving Results------------
drift:  12 [1398, 1550, 2938, 3317, 4536, 4634, 5013, 5667, 5742, 5919, 6358, 8108]
average accuracy:  0.8601969422130086
average fscore:  0.3994939310280727
average consistency:  0.8698237885462555
total time:  79.97432294299983
Experiment results saved to results/result_Receipt.csv
event_log:Receipt, discovery_algorithm:ILP, prediction_algorithm:LSTM, dynamic_update:True, update_strategy:finetune, apply_constraint:True, use_consistency:True, use_only_conflict_data:False, confidence_threshold:0.5, consistency_alpha:0.2, adwin_min:300, adwin_threshold:0.05
------------Initialization------------
------------Online ActivityPrediction------------
------------Updating Models------------
update activity num:  27  ->  28
------------Updating Models------------
------------Updating Models------------
------------Updating Models------------
------------Updating Models------------
update activity num:  28  ->  29
------------Updating Models------------
------------Updating Models------------
------------Updating Models------------
update activity num:  29  ->  30
------------Updating Models------------
------------Updating Models------------
------------Updating Models------------
------------Saving Results------------
drift:  11 [1396, 1549, 2960, 3307, 4604, 4618, 5004, 5666, 5741, 5918, 6389]
average accuracy:  0.8555325213785955
average fscore:  0.38058810214111627
average consistency:  0.874293858512568
total time:  71.63462831800007
Experiment results saved to results/result_Receipt.csv
event_log:Receipt, discovery_algorithm:ILP, prediction_algorithm:LSTM, dynamic_update:True, update_strategy:finetune, apply_constraint:True, use_consistency:True, use_only_conflict_data:False, confidence_threshold:0.5, consistency_alpha:0.3, adwin_min:300, adwin_threshold:0.05
------------Initialization------------
------------Online ActivityPrediction------------
------------Updating Models------------
update activity num:  27  ->  28
------------Updating Models------------
------------Updating Models------------
------------Updating Models------------
------------Updating Models------------
------------Saving Results------------
drift:  5 [1422, 1577, 2138, 2305, 2682]
average accuracy:  0.8532003109613889
average fscore:  0.3355491516247344
average consistency:  0.8847240217672973
total time:  51.816461936999985
Experiment results saved to results/result_Receipt.csv
event_log:Receipt, discovery_algorithm:ILP, prediction_algorithm:LSTM, dynamic_update:True, update_strategy:finetune, apply_constraint:True, use_consistency:True, use_only_conflict_data:False, confidence_threshold:0.5, consistency_alpha:0.4, adwin_min:300, adwin_threshold:0.05
------------Initialization------------
------------Online ActivityPrediction------------
------------Updating Models------------
update activity num:  27  ->  28
------------Updating Models------------
------------Updating Models------------
------------Updating Models------------
------------Updating Models------------
------------Updating Models------------
------------Saving Results------------
drift:  6 [1431, 1623, 2179, 2341, 2510, 3263]
average accuracy:  0.856439492096398
average fscore:  0.3920574515896565
average consistency:  0.9019435086810054
total time:  55.027223152999795
Experiment results saved to results/result_Receipt.csv
event_log:Receipt, discovery_algorithm:ILP, prediction_algorithm:LSTM, dynamic_update:True, update_strategy:finetune, apply_constraint:True, use_consistency:True, use_only_conflict_data:False, confidence_threshold:0.5, consistency_alpha:0.5, adwin_min:300, adwin_threshold:0.05
------------Initialization------------
------------Online ActivityPrediction------------
------------Saving Results------------
drift:  0 []
average accuracy:  0.7428090178802799
average fscore:  0.3513914577770283
average consistency:  0.8641487431977196
total time:  44.22553675800009
Experiment results saved to results/result_Receipt.csv
event_log:Receipt, discovery_algorithm:ILP, prediction_algorithm:LSTM, dynamic_update:True, update_strategy:finetune, apply_constraint:True, use_consistency:True, use_only_conflict_data:False, confidence_threshold:0.5, consistency_alpha:0.6, adwin_min:300, adwin_threshold:0.05
------------Initialization------------
------------Online ActivityPrediction------------
------------Saving Results------------
drift:  0 []
average accuracy:  0.7400881057268722
average fscore:  0.318975072580163
average consistency:  0.8873283233998445
total time:  42.72710690299982
Experiment results saved to results/result_Receipt.csv
event_log:Receipt, discovery_algorithm:ILP, prediction_algorithm:LSTM, dynamic_update:True, update_strategy:finetune, apply_constraint:True, use_consistency:True, use_only_conflict_data:False, confidence_threshold:0.5, consistency_alpha:0.7, adwin_min:300, adwin_threshold:0.05
------------Initialization------------
------------Online ActivityPrediction------------
------------Saving Results------------
drift:  0 []
average accuracy:  0.7430681523710806
average fscore:  0.31544623599211513
average consistency:  0.9127623736719357
total time:  43.54527918399981
Experiment results saved to results/result_Receipt.csv
event_log:Receipt, discovery_algorithm:ILP, prediction_algorithm:LSTM, dynamic_update:True, update_strategy:finetune, apply_constraint:True, use_consistency:True, use_only_conflict_data:False, confidence_threshold:0.5, consistency_alpha:0.8, adwin_min:300, adwin_threshold:0.05
------------Initialization------------
------------Online ActivityPrediction------------
------------Saving Results------------
drift:  0 []
average accuracy:  0.7402176729722726
average fscore:  0.3448987969629219
average consistency:  0.936434309406582
total time:  43.36310309500004
Experiment results saved to results/result_Receipt.csv
event_log:Receipt, discovery_algorithm:ILP, prediction_algorithm:LSTM, dynamic_update:True, update_strategy:finetune, apply_constraint:True, use_consistency:True, use_only_conflict_data:False, confidence_threshold:0.5, consistency_alpha:0.9, adwin_min:300, adwin_threshold:0.05
------------Initialization------------
------------Online ActivityPrediction------------
------------Saving Results------------
drift:  0 []
average accuracy:  0.742161181653278
average fscore:  0.33359430674584306
average consistency:  0.9611557398289712
total time:  43.89574874000027
Experiment results saved to results/result_Receipt.csv
event_log:Receipt, discovery_algorithm:ILP, prediction_algorithm:LSTM, dynamic_update:True, update_strategy:finetune, apply_constraint:True, use_consistency:True, use_only_conflict_data:False, confidence_threshold:0.5, consistency_alpha:1, adwin_min:300, adwin_threshold:0.05
------------Initialization------------
------------Online ActivityPrediction------------
------------Saving Results------------
drift:  0 []
average accuracy:  0.740347240217673
average fscore:  0.34050230771167794
average consistency:  0.9854884685151594
total time:  42.674318846000006
Experiment results saved to results/result_Receipt.csv
event_log:Receipt, discovery_algorithm:ILP, prediction_algorithm:Transformer, dynamic_update:True, update_strategy:finetune, apply_constraint:True, use_consistency:True, use_only_conflict_data:False, confidence_threshold:0.5, consistency_alpha:0, adwin_min:300, adwin_threshold:0.05
------------Initialization------------
------------Online ActivityPrediction------------
------------Updating Models------------
update activity num:  27  ->  28
------------Updating Models------------
------------Updating Models------------
------------Updating Models------------
------------Updating Models------------
------------Updating Models------------
------------Updating Models------------
------------Updating Models------------
------------Updating Models------------
------------Updating Models------------
------------Saving Results------------
drift:  10 [1389, 1545, 1762, 2145, 2205, 2385, 2549, 2730, 2908, 3081]
average accuracy:  0.8405027209121534
average fscore:  0.3930081687548131
average consistency:  0.8405027209121534
total time:  102.95845845899976
Experiment results saved to results/result_Receipt.csv
event_log:Receipt, discovery_algorithm:ILP, prediction_algorithm:Transformer, dynamic_update:True, update_strategy:finetune, apply_constraint:True, use_consistency:True, use_only_conflict_data:False, confidence_threshold:0.5, consistency_alpha:0.1, adwin_min:300, adwin_threshold:0.05
------------Initialization------------
------------Online ActivityPrediction------------
------------Updating Models------------
update activity num:  27  ->  28
------------Updating Models------------
------------Updating Models------------
------------Updating Models------------
------------Saving Results------------
drift:  4 [1388, 1543, 2941, 3310]
average accuracy:  0.8504793988079813
average fscore:  0.39635204509288874
average consistency:  0.8608836486136305
total time:  96.64201097400019
Experiment results saved to results/result_Receipt.csv
event_log:Receipt, discovery_algorithm:ILP, prediction_algorithm:Transformer, dynamic_update:True, update_strategy:finetune, apply_constraint:True, use_consistency:True, use_only_conflict_data:False, confidence_threshold:0.5, consistency_alpha:0.2, adwin_min:300, adwin_threshold:0.05
------------Initialization------------
------------Online ActivityPrediction------------
------------Updating Models------------
update activity num:  27  ->  28
------------Updating Models------------
------------Updating Models------------
------------Updating Models------------
------------Updating Models------------
------------Updating Models------------
------------Updating Models------------
------------Updating Models------------
------------Updating Models------------
------------Updating Models------------
------------Updating Models------------
------------Updating Models------------
update activity num:  28  ->  29
------------Updating Models------------
------------Updating Models------------
update activity num:  29  ->  30
------------Updating Models------------
------------Updating Models------------
------------Updating Models------------
------------Updating Models------------
------------Updating Models------------
------------Updating Models------------
------------Updating Models------------
------------Updating Models------------
------------Updating Models------------
------------Updating Models------------
------------Saving Results------------
drift:  24 [1416, 1561, 2159, 2316, 2682, 2926, 3019, 3214, 3400, 3838, 3891, 4056, 4224, 5670, 5858, 6016, 6260, 6757, 6928, 7149, 7344, 7553, 7766, 7988]
average accuracy:  0.8556620886239958
average fscore:  0.44223374054938375
average consistency:  0.8722985229334024
total time:  146.79647553299992
Experiment results saved to results/result_Receipt.csv
event_log:Receipt, discovery_algorithm:ILP, prediction_algorithm:Transformer, dynamic_update:True, update_strategy:finetune, apply_constraint:True, use_consistency:True, use_only_conflict_data:False, confidence_threshold:0.5, consistency_alpha:0.3, adwin_min:300, adwin_threshold:0.05
------------Initialization------------
------------Online ActivityPrediction------------
------------Updating Models------------
update activity num:  27  ->  28
------------Updating Models------------
------------Updating Models------------
------------Updating Models------------
------------Updating Models------------
------------Saving Results------------
drift:  5 [1431, 1573, 2151, 2313, 2685]
average accuracy:  0.8539777144337911
average fscore:  0.3910319053960602
average consistency:  0.8848795024617777
total time:  97.90450370600001
Experiment results saved to results/result_Receipt.csv
event_log:Receipt, discovery_algorithm:ILP, prediction_algorithm:Transformer, dynamic_update:True, update_strategy:finetune, apply_constraint:True, use_consistency:True, use_only_conflict_data:False, confidence_threshold:0.5, consistency_alpha:0.4, adwin_min:300, adwin_threshold:0.05
------------Initialization------------
------------Online ActivityPrediction------------
------------Updating Models------------
update activity num:  27  ->  28
------------Updating Models------------
------------Updating Models------------
------------Updating Models------------
------------Updating Models------------
------------Updating Models------------
------------Updating Models------------
------------Updating Models------------
------------Saving Results------------
drift:  8 [1517, 1619, 1787, 2145, 2374, 2718, 2931, 3161]
average accuracy:  0.85358901269759
average fscore:  0.4368503947325253
average consistency:  0.8926664939103395
total time:  101.37678878099996
Experiment results saved to results/result_Receipt.csv
event_log:Receipt, discovery_algorithm:ILP, prediction_algorithm:Transformer, dynamic_update:True, update_strategy:finetune, apply_constraint:True, use_consistency:True, use_only_conflict_data:False, confidence_threshold:0.5, consistency_alpha:0.5, adwin_min:300, adwin_threshold:0.05
------------Initialization------------
------------Online ActivityPrediction------------
------------Saving Results------------
drift:  0 []
average accuracy:  0.7504534853589012
average fscore:  0.3974917661918529
average consistency:  0.8679709769370303
total time:  82.58924554399982
Experiment results saved to results/result_Receipt.csv
event_log:Receipt, discovery_algorithm:ILP, prediction_algorithm:Transformer, dynamic_update:True, update_strategy:finetune, apply_constraint:True, use_consistency:True, use_only_conflict_data:False, confidence_threshold:0.5, consistency_alpha:0.6, adwin_min:300, adwin_threshold:0.05
------------Initialization------------
------------Online ActivityPrediction------------
------------Saving Results------------
drift:  0 []
average accuracy:  0.743197719616481
average fscore:  0.38739695357681425
average consistency:  0.888572168955688
total time:  79.40592955500006
Experiment results saved to results/result_Receipt.csv
event_log:Receipt, discovery_algorithm:ILP, prediction_algorithm:Transformer, dynamic_update:True, update_strategy:finetune, apply_constraint:True, use_consistency:True, use_only_conflict_data:False, confidence_threshold:0.5, consistency_alpha:0.7, adwin_min:300, adwin_threshold:0.05
------------Initialization------------
------------Online ActivityPrediction------------
------------Saving Results------------
drift:  0 []
average accuracy:  0.7457890645244882
average fscore:  0.4097337760539858
average consistency:  0.913578647317958
total time:  81.59951053699979
Experiment results saved to results/result_Receipt.csv
event_log:Receipt, discovery_algorithm:ILP, prediction_algorithm:Transformer, dynamic_update:True, update_strategy:finetune, apply_constraint:True, use_consistency:True, use_only_conflict_data:False, confidence_threshold:0.5, consistency_alpha:0.8, adwin_min:300, adwin_threshold:0.05
------------Initialization------------
------------Online ActivityPrediction------------
------------Saving Results------------
drift:  0 []
average accuracy:  0.7447525265612853
average fscore:  0.3912162384690897
average consistency:  0.9373412801243846
total time:  82.55282201
Experiment results saved to results/result_Receipt.csv
event_log:Receipt, discovery_algorithm:ILP, prediction_algorithm:Transformer, dynamic_update:True, update_strategy:finetune, apply_constraint:True, use_consistency:True, use_only_conflict_data:False, confidence_threshold:0.5, consistency_alpha:0.9, adwin_min:300, adwin_threshold:0.05
------------Initialization------------
------------Online ActivityPrediction------------
------------Saving Results------------
drift:  0 []
average accuracy:  0.751101321585903
average fscore:  0.4151413204805832
average consistency:  0.9620497538222338
total time:  81.95725511199998
Experiment results saved to results/result_Receipt.csv
event_log:Receipt, discovery_algorithm:ILP, prediction_algorithm:Transformer, dynamic_update:True, update_strategy:finetune, apply_constraint:True, use_consistency:True, use_only_conflict_data:False, confidence_threshold:0.5, consistency_alpha:1, adwin_min:300, adwin_threshold:0.05
------------Initialization------------
------------Online ActivityPrediction------------
------------Saving Results------------
drift:  0 []
average accuracy:  0.7468256024876911
average fscore:  0.38735773750551017
average consistency:  0.9854884685151594
total time:  81.34431155599987
Experiment results saved to results/result_Receipt.csv
